Archive member included to satisfy reference by file (symbol)

c:/users/yaxing.chen/downloads/env_released_1.2.0/env/tools/gnu_gcc/arm_gcc/mingw/bin/../lib/gcc/arm-none-eabi/5.4.1/../../../../arm-none-eabi/lib/armv7e-m/fpu\libc.a(lib_a-assert.o)
                              build\board\MCUX_Config\clock_config.o (__assert_func)
c:/users/yaxing.chen/downloads/env_released_1.2.0/env/tools/gnu_gcc/arm_gcc/mingw/bin/../lib/gcc/arm-none-eabi/5.4.1/../../../../arm-none-eabi/lib/armv7e-m/fpu\libc.a(lib_a-fclose.o)
                              build\kernel\components\libc\compilers\newlib\stdio.o (fclose)
c:/users/yaxing.chen/downloads/env_released_1.2.0/env/tools/gnu_gcc/arm_gcc/mingw/bin/../lib/gcc/arm-none-eabi/5.4.1/../../../../arm-none-eabi/lib/armv7e-m/fpu\libc.a(lib_a-fflush.o)
                              c:/users/yaxing.chen/downloads/env_released_1.2.0/env/tools/gnu_gcc/arm_gcc/mingw/bin/../lib/gcc/arm-none-eabi/5.4.1/../../../../arm-none-eabi/lib/armv7e-m/fpu\libc.a(lib_a-fclose.o) (__sflush_r)
c:/users/yaxing.chen/downloads/env_released_1.2.0/env/tools/gnu_gcc/arm_gcc/mingw/bin/../lib/gcc/arm-none-eabi/5.4.1/../../../../arm-none-eabi/lib/armv7e-m/fpu\libc.a(lib_a-fileno.o)
                              build\kernel\components\libc\compilers\newlib\stdio.o (fileno)
c:/users/yaxing.chen/downloads/env_released_1.2.0/env/tools/gnu_gcc/arm_gcc/mingw/bin/../lib/gcc/arm-none-eabi/5.4.1/../../../../arm-none-eabi/lib/armv7e-m/fpu\libc.a(lib_a-findfp.o)
                              c:/users/yaxing.chen/downloads/env_released_1.2.0/env/tools/gnu_gcc/arm_gcc/mingw/bin/../lib/gcc/arm-none-eabi/5.4.1/../../../../arm-none-eabi/lib/armv7e-m/fpu\libc.a(lib_a-fclose.o) (__sinit)
c:/users/yaxing.chen/downloads/env_released_1.2.0/env/tools/gnu_gcc/arm_gcc/mingw/bin/../lib/gcc/arm-none-eabi/5.4.1/../../../../arm-none-eabi/lib/armv7e-m/fpu\libc.a(lib_a-fiprintf.o)
                              c:/users/yaxing.chen/downloads/env_released_1.2.0/env/tools/gnu_gcc/arm_gcc/mingw/bin/../lib/gcc/arm-none-eabi/5.4.1/../../../../arm-none-eabi/lib/armv7e-m/fpu\libc.a(lib_a-assert.o) (fiprintf)
c:/users/yaxing.chen/downloads/env_released_1.2.0/env/tools/gnu_gcc/arm_gcc/mingw/bin/../lib/gcc/arm-none-eabi/5.4.1/../../../../arm-none-eabi/lib/armv7e-m/fpu\libc.a(lib_a-fopen.o)
                              build\kernel\components\libc\compilers\newlib\stdio.o (fopen)
c:/users/yaxing.chen/downloads/env_released_1.2.0/env/tools/gnu_gcc/arm_gcc/mingw/bin/../lib/gcc/arm-none-eabi/5.4.1/../../../../arm-none-eabi/lib/armv7e-m/fpu\libc.a(lib_a-fseek.o)
                              c:/users/yaxing.chen/downloads/env_released_1.2.0/env/tools/gnu_gcc/arm_gcc/mingw/bin/../lib/gcc/arm-none-eabi/5.4.1/../../../../arm-none-eabi/lib/armv7e-m/fpu\libc.a(lib_a-fopen.o) (_fseek_r)
c:/users/yaxing.chen/downloads/env_released_1.2.0/env/tools/gnu_gcc/arm_gcc/mingw/bin/../lib/gcc/arm-none-eabi/5.4.1/../../../../arm-none-eabi/lib/armv7e-m/fpu\libc.a(lib_a-fseeko.o)
                              c:/users/yaxing.chen/downloads/env_released_1.2.0/env/tools/gnu_gcc/arm_gcc/mingw/bin/../lib/gcc/arm-none-eabi/5.4.1/../../../../arm-none-eabi/lib/armv7e-m/fpu\libc.a(lib_a-fseek.o) (_fseeko_r)
c:/users/yaxing.chen/downloads/env_released_1.2.0/env/tools/gnu_gcc/arm_gcc/mingw/bin/../lib/gcc/arm-none-eabi/5.4.1/../../../../arm-none-eabi/lib/armv7e-m/fpu\libc.a(lib_a-fwalk.o)
                              c:/users/yaxing.chen/downloads/env_released_1.2.0/env/tools/gnu_gcc/arm_gcc/mingw/bin/../lib/gcc/arm-none-eabi/5.4.1/../../../../arm-none-eabi/lib/armv7e-m/fpu\libc.a(lib_a-findfp.o) (_fwalk)
c:/users/yaxing.chen/downloads/env_released_1.2.0/env/tools/gnu_gcc/arm_gcc/mingw/bin/../lib/gcc/arm-none-eabi/5.4.1/../../../../arm-none-eabi/lib/armv7e-m/fpu\libc.a(lib_a-impure.o)
                              build\kernel\components\libc\compilers\newlib\stdio.o (_global_impure_ptr)
c:/users/yaxing.chen/downloads/env_released_1.2.0/env/tools/gnu_gcc/arm_gcc/mingw/bin/../lib/gcc/arm-none-eabi/5.4.1/../../../../arm-none-eabi/lib/armv7e-m/fpu\libc.a(lib_a-makebuf.o)
                              c:/users/yaxing.chen/downloads/env_released_1.2.0/env/tools/gnu_gcc/arm_gcc/mingw/bin/../lib/gcc/arm-none-eabi/5.4.1/../../../../arm-none-eabi/lib/armv7e-m/fpu\libc.a(lib_a-fseeko.o) (__smakebuf_r)
c:/users/yaxing.chen/downloads/env_released_1.2.0/env/tools/gnu_gcc/arm_gcc/mingw/bin/../lib/gcc/arm-none-eabi/5.4.1/../../../../arm-none-eabi/lib/armv7e-m/fpu\libc.a(lib_a-malloc.o)
                              libraries\MIMXRT1050\MIMXRT1052\drivers\fsl_common.o (malloc)
c:/users/yaxing.chen/downloads/env_released_1.2.0/env/tools/gnu_gcc/arm_gcc/mingw/bin/../lib/gcc/arm-none-eabi/5.4.1/../../../../arm-none-eabi/lib/armv7e-m/fpu\libc.a(lib_a-memcmp.o)
                              build\kernel\components\finsh\shell.o (memcmp)
[...]
Memory Configuration

Name             Origin             Length             Attributes
m_boot_data      0x60000000         0x00001000         xr
m_image_vertor_table 0x60001000         0x00001000         xr
m_interrupts     0x60002000         0x00000400         xr
m_text           0x60002400         0x1f7fdc00         xr
m_itcm           0x00000000         0x00020000         rw
m_dtcm           0x20000000         0x00020000         rw
m_ocram          0x20200000         0x00040000         rw
m_sdram          0x80000000         0x01e00000         rw
m_nocache        0x81e00000         0x00200000         rw
*default*        0x00000000         0xffffffff

Linker script and memory map

LOAD c:/users/yaxing.chen/downloads/env_released_1.2.0/env/tools/gnu_gcc/arm_gcc/mingw/bin/../lib/gcc/arm-none-eabi/5.4.1/../../../../arm-none-eabi/lib/armv7e-m/fpu\libm.a
LOAD c:/users/yaxing.chen/downloads/env_released_1.2.0/env/tools/gnu_gcc/arm_gcc/mingw/bin/../lib/gcc/arm-none-eabi/5.4.1/armv7e-m/fpu\libgcc.a
LOAD c:/users/yaxing.chen/downloads/env_released_1.2.0/env/tools/gnu_gcc/arm_gcc/mingw/bin/../lib/gcc/arm-none-eabi/5.4.1/../../../../arm-none-eabi/lib/armv7e-m/fpu\libc.a
LOAD build\applications\main.o
LOAD build\applications\mnt.o
LOAD build\board\board.o
LOAD build\board\MCUX_Config\clock_config.o
LOAD build\board\MCUX_Config\pin_mux.o
LOAD build\xip\fsl_flexspi_nor_boot.o
LOAD build\xip\fsl_flexspi_nor_flash.o
LOAD build\kernel\src\clock.o
LOAD build\kernel\src\components.o
LOAD build\kernel\src\device.o
LOAD build\kernel\src\idle.o
LOAD build\kernel\src\ipc.o
LOAD build\kernel\src\irq.o
LOAD build\kernel\src\kservice.o
LOAD build\kernel\src\memheap.o
LOAD build\kernel\src\mempool.o
LOAD build\kernel\src\object.o
LOAD build\kernel\src\scheduler.o
LOAD build\kernel\src\signal.o
LOAD build\kernel\src\thread.o
LOAD build\kernel\src\timer.o
LOAD build\kernel\libcpu\arm\common\backtrace.o
LOAD build\kernel\libcpu\arm\common\div0.o
LOAD build\kernel\libcpu\arm\common\showmem.o
LOAD build\kernel\libcpu\arm\cortex-m7\cpu_cache.o
LOAD build\kernel\libcpu\arm\cortex-m7\cpuport.o
LOAD build\kernel\libcpu\arm\cortex-m7\context_gcc.o
LOAD build\kernel\components\drivers\cputime\cputime.o
LOAD build\kernel\components\drivers\misc\pin.o
LOAD build\kernel\components\drivers\serial\serial.o
LOAD build\kernel\components\drivers\src\completion.o
LOAD build\kernel\components\drivers\src\dataqueue.o
LOAD build\kernel\components\drivers\src\pipe.o
LOAD build\kernel\components\drivers\src\ringblk_buf.o
LOAD build\kernel\components\drivers\src\ringbuffer.o
LOAD build\kernel\components\drivers\src\waitqueue.o
LOAD build\kernel\components\drivers\src\workqueue.o
LOAD build\kernel\components\finsh\shell.o
LOAD build\kernel\components\finsh\cmd.o
LOAD build\kernel\components\finsh\msh.o
LOAD build\kernel\components\libc\compilers\newlib\libc.o
LOAD build\kernel\components\libc\compilers\newlib\libc_syms.o
LOAD build\kernel\components\libc\compilers\newlib\stdio.o
LOAD build\kernel\components\libc\compilers\newlib\syscalls.o
LOAD build\kernel\components\libc\compilers\newlib\time.o
LOAD libraries\MIMXRT1050\MIMXRT1052\system_MIMXRT1052.o
LOAD libraries\MIMXRT1050\MIMXRT1052\drivers\fsl_common.o
LOAD libraries\MIMXRT1050\MIMXRT1052\drivers\fsl_clock.o
LOAD libraries\MIMXRT1050\MIMXRT1052\drivers\fsl_cache.o
LOAD libraries\MIMXRT1050\MIMXRT1052\gcc\startup_MIMXRT1052.o
LOAD libraries\MIMXRT1050\MIMXRT1052\drivers\fsl_gpio.o
LOAD libraries\MIMXRT1050\MIMXRT1052\drivers\fsl_lpuart.o
LOAD libraries\drivers\drv_gpio.o
LOAD libraries\drivers\drv_uart.o
LOAD c:/users/yaxing.chen/downloads/env_released_1.2.0/env/tools/gnu_gcc/arm_gcc/mingw/bin/../lib/gcc/arm-none-eabi/5.4.1/../../../../arm-none-eabi/lib/armv7e-m/fpu\libc.a
LOAD c:/users/yaxing.chen/downloads/env_released_1.2.0/env/tools/gnu_gcc/arm_gcc/mingw/bin/../lib/gcc/arm-none-eabi/5.4.1/../../../../arm-none-eabi/lib/armv7e-m/fpu\libm.a
START GROUP
LOAD c:/users/yaxing.chen/downloads/env_released_1.2.0/env/tools/gnu_gcc/arm_gcc/mingw/bin/../lib/gcc/arm-none-eabi/5.4.1/armv7e-m/fpu\libgcc.a
LOAD c:/users/yaxing.chen/downloads/env_released_1.2.0/env/tools/gnu_gcc/arm_gcc/mingw/bin/../lib/gcc/arm-none-eabi/5.4.1/../../../../arm-none-eabi/lib/armv7e-m/fpu\libc.a
END GROUP
                0x00000400                HEAP_SIZE = DEFINED (__heap_size__)?__heap_size__:0x400
                0x00000400                STACK_SIZE = DEFINED (__stack_size__)?__stack_size__:0x400

.boot_data      0x60000000      0x200
 *(.boot_hdr.conf)
 .boot_hdr.conf
                0x60000000      0x200 build\xip\fsl_flexspi_nor_flash.o
                0x60000000                hyperflash_config

.image_vertor_table
                0x60001000      0x460
 *(.boot_hdr.ivt)
 .boot_hdr.ivt  0x60001000       0x20 build\xip\fsl_flexspi_nor_boot.o
                0x60001000                image_vector_table
 *(.boot_hdr.boot_data)
 .boot_hdr.boot_data
                0x60001020       0x10 build\xip\fsl_flexspi_nor_boot.o
                0x60001020                boot_data
 *(.boot_hdr.dcd_data)
 .boot_hdr.dcd_data
                0x60001030      0x430 build\xip\fsl_flexspi_nor_boot.o
                0x60001030                dcd_sdram

.interrupts     0x60002000      0x400
                0x60002000                __VECTOR_TABLE = .
                0x60002000                . = ALIGN (0x4)
 *(.isr_vector)
 .isr_vector    0x60002000      0x400 libraries\MIMXRT1050\MIMXRT1052\gcc\startup_MIMXRT1052.o
                0x60002000                __isr_vector
                0x60002400                . = ALIGN (0x4)
                0x60002000                __VECTOR_RAM = __VECTOR_TABLE
                0x00000000                __RAM_VECTOR_TABLE_SIZE_BYTES = 0x0

.text           0x60002400     0xa6c0
                0x60002400                . = ALIGN (0x4)
 *(.text)
 .text          0x60002400      0x138 build\kernel\libcpu\arm\cortex-m7\context_gcc.o
                0x60002400                rt_hw_interrupt_disable
                0x60002408                rt_hw_interrupt_enable
                0x6000240e                rt_hw_context_switch_interrupt
                0x6000240e                rt_hw_context_switch
                0x6000242e                PendSV_Handler
                0x6000249a                rt_hw_context_switch_to
                0x600024e2                rt_hw_interrupt_thread_switch
                0x600024e6                HardFault_Handler
 .text          0x60002538      0x1ec libraries\MIMXRT1050\MIMXRT1052\gcc\startup_MIMXRT1052.o
                0x60002538                Reset_Handler
                0x60002580                LPI2C4_DriverIRQHandler
                0x60002580                LPSPI2_DriverIRQHandler
                0x60002580                SJC_IRQHandler
                0x60002580                ADC_ETC_IRQ0_IRQHandler
                0x60002580                DebugMon_Handler
                0x60002580                SAI3_RX_DriverIRQHandler
                0x60002580                PXP_IRQHandler
                0x60002580                DMA13_DMA29_DriverIRQHandler
                0x60002580                Reserved86_IRQHandler
                0x60002580                SRC_IRQHandler
                0x60002580                LPSPI4_DriverIRQHandler
                0x60002580                Reserved143_IRQHandler
                0x60002580                SPDIF_DriverIRQHandler
                0x60002580                GPIO1_INT2_IRQHandler
                0x60002580                CSI_IRQHandler
                0x60002580                SNVS_LP_WRAPPER_IRQHandler
                0x60002580                ENC2_IRQHandler
                0x60002580                PWM2_2_IRQHandler
                0x60002580                PWM1_FAULT_IRQHandler
                0x60002580                PWM4_FAULT_IRQHandler
                0x60002580                ENC1_IRQHandler
                0x60002580                GPIO1_INT7_IRQHandler
                0x60002580                CCM_1_IRQHandler
                0x60002580                PWM1_3_IRQHandler
                0x60002580                ADC_ETC_IRQ1_IRQHandler
                0x60002580                XBAR1_IRQ_0_1_IRQHandler
                0x60002580                CTI1_ERROR_IRQHandler
                0x60002580                PWM3_FAULT_IRQHandler
                0x60002580                LCDIF_IRQHandler
                0x60002580                DMA7_DMA23_DriverIRQHandler
                0x60002580                CTI0_ERROR_IRQHandler
                0x60002580                PWM1_0_IRQHandler
                0x60002580                Reserved68_IRQHandler
                0x60002580                LPI2C3_DriverIRQHandler
                0x60002580                TRNG_IRQHandler
                0x60002580                USB_PHY2_IRQHandler
                0x60002580                ACMP3_IRQHandler
                0x60002580                TSC_DIG_IRQHandler
                0x60002580                TMR4_IRQHandler
                0x60002580                DMA3_DMA19_DriverIRQHandler
                0x60002580                TMR1_IRQHandler
                0x60002580                PWM2_0_IRQHandler
                0x60002580                DCP_VMI_IRQHandler
                0x60002580                CAN1_DriverIRQHandler
                0x60002580                DMA14_DMA30_DriverIRQHandler
                0x60002580                ENET_1588_Timer_DriverIRQHandler
                0x60002580                PWM4_0_IRQHandler
                0x60002580                PWM2_1_IRQHandler
                0x60002580                LPSPI1_DriverIRQHandler
                0x60002580                PWM2_FAULT_IRQHandler
                0x60002580                FLEXIO2_DriverIRQHandler
                0x60002580                UsageFault_Handler
                0x60002580                WDOG1_IRQHandler
                0x60002580                DMA_ERROR_DriverIRQHandler
                0x60002580                PMU_EVENT_IRQHandler
                0x60002580                GPT1_IRQHandler
                0x60002580                DMA9_DMA25_DriverIRQHandler
                0x60002580                PWM4_1_IRQHandler
                0x60002580                USB_OTG2_IRQHandler
                0x60002580                ACMP4_IRQHandler
                0x60002580                SEMC_IRQHandler
                0x60002580                DMA0_DMA16_DriverIRQHandler
                0x60002580                DefaultISR
                0x60002580                PWM1_1_IRQHandler
                0x60002580                LPI2C2_DriverIRQHandler
                0x60002580                DMA2_DMA18_DriverIRQHandler
                0x60002580                PWM3_0_IRQHandler
                0x60002580                USDHC1_DriverIRQHandler
                0x60002580                PWM3_3_IRQHandler
                0x60002580                GPIO1_INT0_IRQHandler
                0x60002580                ENC4_IRQHandler
                0x60002580                CSU_IRQHandler
                0x60002580                LPSPI3_DriverIRQHandler
                0x60002580                ADC1_IRQHandler
                0x60002580                FLEXIO1_DriverIRQHandler
                0x60002580                ENET_DriverIRQHandler
                0x60002580                DMA15_DMA31_DriverIRQHandler
                0x60002580                RTWDOG_IRQHandler
                0x60002580                USB_PHY1_IRQHandler
                0x60002580                Reserved78_IRQHandler
                0x60002580                SAI1_DriverIRQHandler
                0x60002580                DMA12_DMA28_DriverIRQHandler
                0x60002580                ENC3_IRQHandler
                0x60002580                EWM_IRQHandler
                0x60002580                TEMP_LOW_HIGH_IRQHandler
                0x60002580                WDOG2_IRQHandler
                0x60002580                GPIO1_INT5_IRQHandler
                0x60002580                FLEXSPI_DriverIRQHandler
                0x60002580                Reserved87_IRQHandler
                0x60002580                PWM3_1_IRQHandler
                0x60002580                PWM2_3_IRQHandler
                0x60002580                GPIO1_INT3_IRQHandler
                0x60002580                CORE_IRQHandler
                0x60002580                DMA4_DMA20_DriverIRQHandler
                0x60002580                BusFault_Handler
                0x60002580                DMA10_DMA26_DriverIRQHandler
                0x60002580                TEMP_PANIC_IRQHandler
                0x60002580                GPIO1_INT6_IRQHandler
                0x60002580                PWM1_2_IRQHandler
                0x60002580                Reserved144_IRQHandler
                0x60002580                GPR_IRQ_IRQHandler
                0x60002580                GPC_IRQHandler
                0x60002580                DCDC_IRQHandler
                0x60002580                PWM4_3_IRQHandler
                0x60002580                ACMP1_IRQHandler
                0x60002580                DMA1_DMA17_DriverIRQHandler
                0x60002580                USB_OTG1_IRQHandler
                0x60002580                CAN2_DriverIRQHandler
                0x60002580                DMA5_DMA21_DriverIRQHandler
                0x60002580                GPIO5_Combined_16_31_IRQHandler
                0x60002580                TMR2_IRQHandler
                0x60002580                ADC_ETC_ERROR_IRQ_IRQHandler
                0x60002580                DMA8_DMA24_DriverIRQHandler
                0x60002580                PWM4_2_IRQHandler
                0x60002580                DMA6_DMA22_DriverIRQHandler
                0x60002580                BEE_IRQHandler
                0x60002580                GPIO1_INT1_IRQHandler
                0x60002580                FLEXRAM_IRQHandler
                0x60002580                ADC_ETC_IRQ2_IRQHandler
                0x60002580                GPIO1_INT4_IRQHandler
                0x60002580                CCM_2_IRQHandler
                0x60002580                KPP_IRQHandler
                0x60002580                GPT2_IRQHandler
                0x60002580                ADC2_IRQHandler
                0x60002580                USDHC2_DriverIRQHandler
                0x60002580                MemManage_Handler
                0x60002580                SAI2_DriverIRQHandler
                0x60002580                ACMP2_IRQHandler
                0x60002580                PIT_IRQHandler
                0x60002580                Reserved115_IRQHandler
                0x60002580                SNVS_HP_WRAPPER_IRQHandler
                0x60002580                SNVS_HP_WRAPPER_TZ_IRQHandler
                0x60002580                DMA11_DMA27_DriverIRQHandler
                0x60002580                SAI3_TX_DriverIRQHandler
                0x60002580                XBAR1_IRQ_2_3_IRQHandler
                0x60002580                PWM3_2_IRQHandler
                0x60002580                LPI2C1_DriverIRQHandler
                0x60002580                DCP_IRQHandler
                0x60002580                Reserved123_IRQHandler
                0x60002580                TMR3_IRQHandler
                0x60002584                NMI_Handler
                0x6000258c                SVC_Handler
                0x60002598                DMA0_DMA16_IRQHandler
                0x6000259c                DMA1_DMA17_IRQHandler
                0x600025a0                DMA2_DMA18_IRQHandler
                0x600025a4                DMA3_DMA19_IRQHandler
                0x600025a8                DMA4_DMA20_IRQHandler
                0x600025ac                DMA5_DMA21_IRQHandler
                0x600025b0                DMA6_DMA22_IRQHandler
                0x600025b4                DMA7_DMA23_IRQHandler
                0x600025b8                DMA8_DMA24_IRQHandler
                0x600025bc                DMA9_DMA25_IRQHandler
                0x600025c0                DMA10_DMA26_IRQHandler
                0x600025c4                DMA11_DMA27_IRQHandler
                0x600025c8                DMA12_DMA28_IRQHandler
                0x600025cc                DMA13_DMA29_IRQHandler
                0x600025d0                DMA14_DMA30_IRQHandler
                0x600025d4                DMA15_DMA31_IRQHandler
                0x600025d8                DMA_ERROR_IRQHandler
                0x600025e0                LPUART2_IRQHandler
                0x600025e4                LPUART3_IRQHandler
                0x600025e8                LPUART4_IRQHandler
                0x600025ec                LPUART5_IRQHandler
                0x600025f0                LPUART6_IRQHandler
                0x600025f4                LPUART7_IRQHandler
                0x600025f8                LPUART8_IRQHandler
                0x600025fc                LPI2C1_IRQHandler
                0x60002600                LPI2C2_IRQHandler
                0x60002604                LPI2C3_IRQHandler
                0x60002608                LPI2C4_IRQHandler
                0x6000260c                LPSPI1_IRQHandler
                0x60002610                LPSPI2_IRQHandler
                0x60002614                LPSPI3_IRQHandler
                0x60002618                LPSPI4_IRQHandler
                0x6000261c                CAN1_IRQHandler
                0x60002620                CAN2_IRQHandler
                0x60002624                SAI1_IRQHandler
                0x60002628                SAI2_IRQHandler
                0x6000262c                SAI3_RX_IRQHandler
                0x60002630                SAI3_TX_IRQHandler
                0x60002634                SPDIF_IRQHandler
                0x60002638                FLEXIO1_IRQHandler
                0x6000263c                FLEXIO2_IRQHandler
                0x60002640                FLEXSPI_IRQHandler
                0x60002644                USDHC1_IRQHandler
                0x60002648                USDHC2_IRQHandler
                0x6000264c                ENET_IRQHandler
                0x60002650                ENET_1588_Timer_IRQHandler
 .text          0x60002724      0x134 c:/users/yaxing.chen/downloads/env_released_1.2.0/env/tools/gnu_gcc/arm_gcc/mingw/bin/../lib/gcc/arm-none-eabi/5.4.1/../../../../arm-none-eabi/lib/armv7e-m/fpu\libc.a(lib_a-memcpy.o)
                0x60002724                memcpy
 *fill*         0x60002858       0x28 
 .text          0x60002880       0xdc c:/users/yaxing.chen/downloads/env_released_1.2.0/env/tools/gnu_gcc/arm_gcc/mingw/bin/../lib/gcc/arm-none-eabi/5.4.1/../../../../arm-none-eabi/lib/armv7e-m/fpu\libc.a(lib_a-strlen.o)
                0x60002880                strlen
 *fill*         0x6000295c        0x4 
 .text          0x60002960       0xa0 c:/users/yaxing.chen/downloads/env_released_1.2.0/env/tools/gnu_gcc/arm_gcc/mingw/bin/../lib/gcc/arm-none-eabi/5.4.1/../../../../arm-none-eabi/lib/armv7e-m/fpu\libc.a(lib_a-memchr.o)
                0x60002960                memchr
 .text          0x60002a00       0x30 c:/users/yaxing.chen/downloads/env_released_1.2.0/env/tools/gnu_gcc/arm_gcc/mingw/bin/../lib/gcc/arm-none-eabi/5.4.1/armv7e-m/fpu\libgcc.a(_aeabi_uldivmod.o)
                0x60002a00                __aeabi_uldivmod
 .text          0x60002a30      0x2e4 c:/users/yaxing.chen/downloads/env_released_1.2.0/env/tools/gnu_gcc/arm_gcc/mingw/bin/../lib/gcc/arm-none-eabi/5.4.1/armv7e-m/fpu\libgcc.a(_udivmoddi4.o)
                0x60002a30                __udivmoddi4
 .text          0x60002d14        0x4 c:/users/yaxing.chen/downloads/env_released_1.2.0/env/tools/gnu_gcc/arm_gcc/mingw/bin/../lib/gcc/arm-none-eabi/5.4.1/armv7e-m/fpu\libgcc.a(_dvmd_tls.o)
                0x60002d14                __aeabi_idiv0
                0x60002d14                __aeabi_ldiv0
 *(.text*)
 .text.startup.main
                0x60002d18       0x2c build\applications\main.o
                0x60002d18                main
 .text.SysTick_Handler
                0x60002d44       0x12 build\board\board.o
                0x60002d44                SysTick_Handler
 *fill*         0x60002d56        0x2 
 .text.imxrt_uart_pins_init
                0x60002d58       0x1c build\board\board.o
                0x60002d58                imxrt_uart_pins_init
 .text.rt_hw_board_init
                0x60002d74      0x1d8 build\board\board.o
                0x60002d74                rt_hw_board_init
 .text.CLOCK_SetDiv
                0x60002f4c       0x5c build\board\MCUX_Config\clock_config.o
 .text.CLOCK_SetMux
                0x60002fa8       0x5c build\board\MCUX_Config\clock_config.o
 .text.CLOCK_DisableClock
                0x60003004       0x40 build\board\MCUX_Config\clock_config.o
 .text.BOARD_BootClockRUN
                0x60003044      0x550 build\board\MCUX_Config\clock_config.o
                0x60003044                BOARD_BootClockRUN
 .text.BOARD_InitPins
                0x60003594       0x28 build\board\MCUX_Config\pin_mux.o
                0x60003594                BOARD_InitPins
 .text.rt_tick_get
                0x600035bc        0xc build\kernel\src\clock.o
                0x600035bc                rt_tick_get
 .text.rt_tick_increase
                0x600035c8       0x38 build\kernel\src\clock.o
                0x600035c8                rt_tick_increase
 .text.rt_tick_from_millisecond
                0x60003600       0x2a build\kernel\src\clock.o
                0x60003600                rt_tick_from_millisecond
 .text.rti_end  0x6000362a        0x4 build\kernel\src\components.o
 .text.rti_board_end
                0x6000362e        0x4 build\kernel\src\components.o
 .text.rti_start
                0x60003632        0x4 build\kernel\src\components.o
 .text.rti_board_start
                0x60003636        0x4 build\kernel\src\components.o
 *fill*         0x6000363a        0x2 
 .text.rt_components_board_init
                0x6000363c       0x1c build\kernel\src\components.o
                0x6000363c                rt_components_board_init
 .text.rt_components_init
                0x60003658       0x1c build\kernel\src\components.o
                0x60003658                rt_components_init
 .text.main_thread_entry
                0x60003674        0xe build\kernel\src\components.o
                0x60003674                main_thread_entry
 *fill*         0x60003682        0x2 
 .text.rt_application_init
                0x60003684       0x44 build\kernel\src\components.o
                0x60003684                rt_application_init
 .text.rtthread_startup
                0x600036c8       0x2a build\kernel\src\components.o
                0x600036c8                rtthread_startup
 .text.entry    0x600036f2        0xa build\kernel\src\components.o
                0x600036f2                entry
 .text.rt_device_find
                0x600036fc       0x64 build\kernel\src\device.o
                0x600036fc                rt_device_find
 .text.rt_device_register
                0x60003760       0x30 build\kernel\src\device.o
                0x60003760                rt_device_register
 .text.rt_device_open
                0x60003790       0xb4 build\kernel\src\device.o
                0x60003790                rt_device_open
 .text.rt_device_close
                0x60003844       0x64 build\kernel\src\device.o
                0x60003844                rt_device_close
 .text.rt_device_read
                0x600038a8       0x68 build\kernel\src\device.o
                0x600038a8                rt_device_read
 .text.rt_device_write
                0x60003910       0x68 build\kernel\src\device.o
                0x60003910                rt_device_write
 .text.rt_device_set_rx_indicate
                0x60003978       0x3c build\kernel\src\device.o
                0x60003978                rt_device_set_rx_indicate
 .text.rt_thread_idle_excute
                0x600039b4       0xac build\kernel\src\idle.o
                0x600039b4                rt_thread_idle_excute
 .text.rt_thread_idle_entry
                0x60003a60       0x20 build\kernel\src\idle.o
 .text.rt_thread_idle_init
                0x60003a80       0x48 build\kernel\src\idle.o
                0x60003a80                rt_thread_idle_init
 .text.rt_ipc_list_resume.isra.0
                0x60003ac8        0xc build\kernel\src\ipc.o
 .text.rt_ipc_list_suspend
                0x60003ad4       0x4c build\kernel\src\ipc.o
 .text.rt_sem_init
                0x60003b20       0x4c build\kernel\src\ipc.o
                0x60003b20                rt_sem_init
 .text.rt_sem_take
                0x60003b6c      0x118 build\kernel\src\ipc.o
                0x60003b6c                rt_sem_take
 .text.rt_sem_release
                0x60003c84       0x74 build\kernel\src\ipc.o
                0x60003c84                rt_sem_release
 .text.rt_interrupt_enter
                0x60003cf8       0x2c build\kernel\src\irq.o
                0x60003cf8                rt_interrupt_enter
 .text.rt_interrupt_leave
                0x60003d24       0x2c build\kernel\src\irq.o
                0x60003d24                rt_interrupt_leave
 .text.rt_interrupt_get_nest
                0x60003d50       0x18 build\kernel\src\irq.o
                0x60003d50                rt_interrupt_get_nest
 .text.print_number
                0x60003d68      0x178 build\kernel\src\kservice.o
 .text.rt_set_errno
                0x60003ee0       0x20 build\kernel\src\kservice.o
                0x60003ee0                rt_set_errno
 .text.rt_memset
                0x60003f00       0x6e build\kernel\src\kservice.o
                0x60003f00                rt_memset
 .text.rt_memcpy
                0x60003f6e       0x8e build\kernel\src\kservice.o
                0x60003f6e                rt_memcpy
 .text.rt_memmove
                0x60003ffc       0x36 build\kernel\src\kservice.o
                0x60003ffc                rt_memmove
 .text.rt_strncpy
                0x60004032       0x22 build\kernel\src\kservice.o
                0x60004032                rt_strncpy
 .text.rt_strncmp
                0x60004054       0x22 build\kernel\src\kservice.o
                0x60004054                rt_strncmp
 .text.rt_strlen
                0x60004076       0x10 build\kernel\src\kservice.o
                0x60004076                rt_strlen
 *fill*         0x60004086        0x2 
 .text.rt_vsnprintf
                0x60004088      0x2c4 build\kernel\src\kservice.o
                0x60004088                rt_vsnprintf
 .text.rt_vsprintf
                0x6000434c        0xc build\kernel\src\kservice.o
                0x6000434c                rt_vsprintf
 .text.rt_sprintf
                0x60004358       0x1a build\kernel\src\kservice.o
                0x60004358                rt_sprintf
 *fill*         0x60004372        0x2 
 .text.rt_console_get_device
                0x60004374        0xc build\kernel\src\kservice.o
                0x60004374                rt_console_get_device
 .text.rt_console_set_device
                0x60004380       0x28 build\kernel\src\kservice.o
                0x60004380                rt_console_set_device
 .text.rt_hw_console_output
                0x600043a8        0x2 build\kernel\src\kservice.o
                0x600043a8                rt_hw_console_output
 *fill*         0x600043aa        0x2 
 .text.rt_kprintf
                0x600043ac       0x50 build\kernel\src\kservice.o
                0x600043ac                rt_kprintf
 .text.rt_show_version
                0x600043fc       0x40 build\kernel\src\kservice.o
                0x600043fc                rt_show_version
 .text.__rt_ffs
                0x6000443c       0x3c build\kernel\src\kservice.o
                0x6000443c                __rt_ffs
 .text.rt_assert_handler
                0x60004478       0x34 build\kernel\src\kservice.o
                0x60004478                rt_assert_handler
 .text.rt_memheap_init
                0x600044ac       0x94 build\kernel\src\memheap.o
                0x600044ac                rt_memheap_init
 .text.rt_memheap_alloc
                0x60004540      0x138 build\kernel\src\memheap.o
                0x60004540                rt_memheap_alloc
 .text.rt_memheap_free
                0x60004678      0x128 build\kernel\src\memheap.o
                0x60004678                rt_memheap_free
 .text.rt_memheap_realloc
                0x600047a0      0x1c4 build\kernel\src\memheap.o
                0x600047a0                rt_memheap_realloc
 .text.rt_system_heap_init
                0x60004964       0x14 build\kernel\src\memheap.o
                0x60004964                rt_system_heap_init
 .text.rt_malloc
                0x60004978       0x8c build\kernel\src\memheap.o
                0x60004978                rt_malloc
 .text.rt_free  0x60004a04        0x4 build\kernel\src\memheap.o
                0x60004a04                rt_free
 .text.rt_realloc
                0x60004a08       0x50 build\kernel\src\memheap.o
                0x60004a08                rt_realloc
 .text.rt_calloc
                0x60004a58       0x1c build\kernel\src\memheap.o
                0x60004a58                rt_calloc
 .text.rt_object_get_information
                0x60004a74       0x24 build\kernel\src\object.o
                0x60004a74                rt_object_get_information
 .text.rt_object_init
                0x60004a98       0x94 build\kernel\src\object.o
                0x60004a98                rt_object_init
 .text.rt_object_detach
                0x60004b2c       0x4c build\kernel\src\object.o
                0x60004b2c                rt_object_detach
 .text.rt_object_allocate
                0x60004b78       0xa0 build\kernel\src\object.o
                0x60004b78                rt_object_allocate
 .text.rt_object_delete
                0x60004c18       0x68 build\kernel\src\object.o
                0x60004c18                rt_object_delete
 .text.rt_object_is_systemobject
                0x60004c80       0x24 build\kernel\src\object.o
                0x60004c80                rt_object_is_systemobject
 .text.rt_object_get_type
                0x60004ca4       0x24 build\kernel\src\object.o
                0x60004ca4                rt_object_get_type
 .text.rt_system_scheduler_init
                0x60004cc8       0x34 build\kernel\src\scheduler.o
                0x60004cc8                rt_system_scheduler_init
 .text.rt_schedule_insert_thread
                0x60004cfc       0x78 build\kernel\src\scheduler.o
                0x60004cfc                rt_schedule_insert_thread
 .text.rt_schedule_remove_thread
                0x60004d74       0x60 build\kernel\src\scheduler.o
                0x60004d74                rt_schedule_remove_thread
 .text.rt_system_scheduler_start
                0x60004dd4       0x3c build\kernel\src\scheduler.o
                0x60004dd4                rt_system_scheduler_start
 .text.rt_schedule
                0x60004e10      0x128 build\kernel\src\scheduler.o
                0x60004e10                rt_schedule
 .text.rt_enter_critical
                0x60004f38       0x1c build\kernel\src\scheduler.o
                0x60004f38                rt_enter_critical
 .text.rt_exit_critical
                0x60004f54       0x3c build\kernel\src\scheduler.o
                0x60004f54                rt_exit_critical
 .text.rt_thread_exit
                0x60004f90       0x5c build\kernel\src\thread.o
                0x60004f90                rt_thread_exit
 .text._rt_thread_init.isra.0
                0x60004fec       0x98 build\kernel\src\thread.o
 .text.rt_thread_timeout
                0x60005084       0x78 build\kernel\src\thread.o
                0x60005084                rt_thread_timeout
 .text.rt_thread_init
                0x600050fc       0x68 build\kernel\src\thread.o
                0x600050fc                rt_thread_init
 .text.rt_thread_self
                0x60005164        0xc build\kernel\src\thread.o
                0x60005164                rt_thread_self
 .text.rt_thread_create
                0x60005170       0x4a build\kernel\src\thread.o
                0x60005170                rt_thread_create
 .text.rt_thread_yield
                0x600051ba        0xa build\kernel\src\thread.o
                0x600051ba                rt_thread_yield
 .text.rt_thread_suspend
                0x600051c4       0xa8 build\kernel\src\thread.o
                0x600051c4                rt_thread_suspend
 .text.rt_thread_sleep
                0x6000526c       0x78 build\kernel\src\thread.o
                0x6000526c                rt_thread_sleep
 .text.rt_thread_mdelay
                0x600052e4        0xe build\kernel\src\thread.o
                0x600052e4                rt_thread_mdelay
 *fill*         0x600052f2        0x2 
 .text.rt_thread_resume
                0x600052f4       0x84 build\kernel\src\thread.o
                0x600052f4                rt_thread_resume
 .text.rt_thread_startup
                0x60005378       0x78 build\kernel\src\thread.o
                0x60005378                rt_thread_startup
 .text._rt_timer_remove
                0x600053f0       0x14 build\kernel\src\timer.o
 .text.rt_timer_init
                0x60005404       0x48 build\kernel\src\timer.o
                0x60005404                rt_timer_init
 .text.rt_timer_detach
                0x6000544c       0x64 build\kernel\src\timer.o
                0x6000544c                rt_timer_detach
 .text.rt_timer_start
                0x600054b0       0xd0 build\kernel\src\timer.o
                0x600054b0                rt_timer_start
 .text.rt_timer_stop
                0x60005580       0x6c build\kernel\src\timer.o
                0x60005580                rt_timer_stop
 .text.rt_timer_control
                0x600055ec       0x74 build\kernel\src\timer.o
                0x600055ec                rt_timer_control
 .text.rt_timer_check
                0x60005660       0x88 build\kernel\src\timer.o
                0x60005660                rt_timer_check
 .text.rt_system_timer_init
                0x600056e8        0xc build\kernel\src\timer.o
                0x600056e8                rt_system_timer_init
 .text.rt_system_timer_thread_init
                0x600056f4        0x2 build\kernel\src\timer.o
                0x600056f4                rt_system_timer_thread_init
 *fill*         0x600056f6        0x2 
 .text.rt_hw_stack_init
                0x600056f8       0x4c build\kernel\libcpu\arm\cortex-m7\cpuport.o
                0x600056f8                rt_hw_stack_init
 .text.rt_hw_hard_fault_exception
                0x60005744      0x2e4 build\kernel\libcpu\arm\cortex-m7\cpuport.o
                0x60005744                rt_hw_hard_fault_exception
 .text._pin_control
                0x60005a28       0x34 build\kernel\components\drivers\misc\pin.o
 .text.rt_pin_mode
                0x60005a5c       0x34 build\kernel\components\drivers\misc\pin.o
                0x60005a5c                rt_pin_mode
 .text.rt_pin_write
                0x60005a90       0x34 build\kernel\components\drivers\misc\pin.o
                0x60005a90                rt_pin_write
 .text.rt_pin_read
                0x60005ac4       0x30 build\kernel\components\drivers\misc\pin.o
                0x60005ac4                rt_pin_read
 .text._pin_write
                0x60005af4       0x3c build\kernel\components\drivers\misc\pin.o
 .text._pin_read
                0x60005b30       0x3c build\kernel\components\drivers\misc\pin.o
 .text.rt_device_pin_register
                0x60005b6c       0x44 build\kernel\components\drivers\misc\pin.o
                0x60005b6c                rt_device_pin_register
 .text.rt_serial_init
                0x60005bb0       0x38 build\kernel\components\drivers\serial\serial.o
 .text.rt_serial_open
                0x60005be8      0x11c build\kernel\components\drivers\serial\serial.o
 .text.rt_serial_control
                0x60005d04       0x88 build\kernel\components\drivers\serial\serial.o
 .text.rt_serial_write
                0x60005d8c       0x9c build\kernel\components\drivers\serial\serial.o
 .text.rt_serial_read
                0x60005e28       0xc4 build\kernel\components\drivers\serial\serial.o
 .text.rt_serial_close
                0x60005eec       0x98 build\kernel\components\drivers\serial\serial.o
 .text.rt_hw_serial_register
                0x60005f84       0x68 build\kernel\components\drivers\serial\serial.o
                0x60005f84                rt_hw_serial_register
 .text.rt_hw_serial_isr
                0x60005fec       0xec build\kernel\components\drivers\serial\serial.o
                0x60005fec                rt_hw_serial_isr
 .text.rt_completion_init
                0x600060d8       0x30 build\kernel\components\drivers\src\completion.o
                0x600060d8                rt_completion_init
 .text.rt_completion_wait
                0x60006108       0xd4 build\kernel\components\drivers\src\completion.o
                0x60006108                rt_completion_wait
 .text.rt_completion_done
                0x600061dc       0x50 build\kernel\components\drivers\src\completion.o
                0x600061dc                rt_completion_done
 .text.finsh_rx_ind
                0x6000622c       0x2c build\kernel\components\finsh\shell.o
 .text.finsh_get_prompt
                0x60006258       0x60 build\kernel\components\finsh\shell.o
                0x60006258                finsh_get_prompt
 .text.shell_handle_history
                0x600062b8       0x28 build\kernel\components\finsh\shell.o
 .text.finsh_set_prompt_mode
                0x600062e0       0x34 build\kernel\components\finsh\shell.o
                0x600062e0                finsh_set_prompt_mode
 .text.finsh_system_init
                0x60006314       0xa4 build\kernel\components\finsh\shell.o
                0x60006314                finsh_system_init
 .text.finsh_set_device
                0x600063b8       0x98 build\kernel\components\finsh\shell.o
                0x600063b8                finsh_set_device
 .text.finsh_thread_entry
                0x60006450      0x3e8 build\kernel\components\finsh\shell.o
                0x60006450                finsh_thread_entry
 .text.rt_list_len
                0x60006838       0x12 build\kernel\components\finsh\cmd.o
 *fill*         0x6000684a        0x2 
 .text.hello    0x6000684c       0x10 build\kernel\components\finsh\cmd.o
                0x6000684c                hello
 .text.clear    0x6000685c       0x10 build\kernel\components\finsh\cmd.o
                0x6000685c                clear
 .text.show_wait_queue
                0x6000686c       0x30 build\kernel\components\finsh\cmd.o
 .text.version  0x6000689c        0xa build\kernel\components\finsh\cmd.o
                0x6000689c                version
 .text.list_get_next
                0x600068a6       0x66 build\kernel\components\finsh\cmd.o
 .text.list     0x6000690c       0x48 build\kernel\components\finsh\cmd.o
                0x6000690c                list
 .text.object_split.constprop.1
                0x60006954       0x18 build\kernel\components\finsh\cmd.o
 .text.list_thread
                0x6000696c      0x128 build\kernel\components\finsh\cmd.o
                0x6000696c                list_thread
 .text.list_memheap
                0x60006a94       0xa0 build\kernel\components\finsh\cmd.o
                0x60006a94                list_memheap
 .text.list_device
                0x60006b34       0xb4 build\kernel\components\finsh\cmd.o
                0x60006b34                list_device
 .text.list_mutex
                0x60006be8       0xb4 build\kernel\components\finsh\cmd.o
                0x60006be8                list_mutex
 .text.list_timer
                0x60006c9c       0xc4 build\kernel\components\finsh\cmd.o
                0x60006c9c                list_timer
 .text.list_event
                0x60006d60       0xd8 build\kernel\components\finsh\cmd.o
                0x60006d60                list_event
 .text.list_msgqueue
                0x60006e38       0xe0 build\kernel\components\finsh\cmd.o
                0x60006e38                list_msgqueue
 .text.list_sem
                0x60006f18       0xe0 build\kernel\components\finsh\cmd.o
                0x60006f18                list_sem
 .text.list_mailbox
                0x60006ff8       0xe8 build\kernel\components\finsh\cmd.o
                0x60006ff8                list_mailbox
 .text.list_mempool
                0x600070e0       0xe8 build\kernel\components\finsh\cmd.o
                0x600070e0                list_mempool
 .text.msh_help
                0x600071c8       0x54 build\kernel\components\finsh\msh.o
                0x600071c8                msh_help
 .text.cmd_ps   0x6000721c        0xa build\kernel\components\finsh\msh.o
                0x6000721c                cmd_ps
 .text.cmd_free
                0x60007226        0xa build\kernel\components\finsh\msh.o
                0x60007226                cmd_free
 .text.msh_is_used
                0x60007230        0x4 build\kernel\components\finsh\msh.o
                0x60007230                msh_is_used
 .text.msh_exec
                0x60007234      0x198 build\kernel\components\finsh\msh.o
                0x60007234                msh_exec
 .text.msh_auto_complete
                0x600073cc       0xb4 build\kernel\components\finsh\msh.o
                0x600073cc                msh_auto_complete
 .text.libc_system_init
                0x60007480        0x4 build\kernel\components\libc\compilers\newlib\libc.o
                0x60007480                libc_system_init
 .text._close_r
                0x60007484        0x4 build\kernel\components\libc\compilers\newlib\syscalls.o
                0x60007484                _close_r
 .text._fstat_r
                0x60007488        0xa build\kernel\components\libc\compilers\newlib\syscalls.o
                0x60007488                _fstat_r
 .text._isatty_r
                0x60007492       0x10 build\kernel\components\libc\compilers\newlib\syscalls.o
                0x60007492                _isatty_r
 .text._lseek_r
                0x600074a2        0x4 build\kernel\components\libc\compilers\newlib\syscalls.o
                0x600074a2                _lseek_r
 .text._read_r  0x600074a6        0x4 build\kernel\components\libc\compilers\newlib\syscalls.o
                0x600074a6                _read_r
 *fill*         0x600074aa        0x2 
 .text._write_r
                0x600074ac       0x34 build\kernel\components\libc\compilers\newlib\syscalls.o
                0x600074ac                _write_r
 .text._malloc_r
                0x600074e0       0x12 build\kernel\components\libc\compilers\newlib\syscalls.o
                0x600074e0                _malloc_r
 .text._realloc_r
                0x600074f2       0x14 build\kernel\components\libc\compilers\newlib\syscalls.o
                0x600074f2                _realloc_r
 .text._free_r  0x60007506        0x6 build\kernel\components\libc\compilers\newlib\syscalls.o
                0x60007506                _free_r
 .text.abort    0x6000750c       0x28 build\kernel\components\libc\compilers\newlib\syscalls.o
                0x6000750c                abort
 .text.SystemInitHook
                0x60007534        0x2 libraries\MIMXRT1050\MIMXRT1052\system_MIMXRT1052.o
                0x60007534                SystemInitHook
 *fill*         0x60007536        0x2 
 .text.SystemInit
                0x60007538      0x118 libraries\MIMXRT1050\MIMXRT1052\system_MIMXRT1052.o
                0x60007538                SystemInit
 .text.CLOCK_GetOscFreq
                0x60007650       0x20 libraries\MIMXRT1050\MIMXRT1052\drivers\fsl_clock.o
 .text.CLOCK_InitExternalClk
                0x60007670       0x50 libraries\MIMXRT1050\MIMXRT1052\drivers\fsl_clock.o
                0x60007670                CLOCK_InitExternalClk
 .text.CLOCK_SwitchOsc
                0x600076c0       0x18 libraries\MIMXRT1050\MIMXRT1052\drivers\fsl_clock.o
                0x600076c0                CLOCK_SwitchOsc
 .text.CLOCK_InitRcOsc24M
                0x600076d8       0x14 libraries\MIMXRT1050\MIMXRT1052\drivers\fsl_clock.o
                0x600076d8                CLOCK_InitRcOsc24M
 .text.CLOCK_InitArmPll
                0x600076ec       0x44 libraries\MIMXRT1050\MIMXRT1052\drivers\fsl_clock.o
                0x600076ec                CLOCK_InitArmPll
 .text.CLOCK_DeinitUsb2Pll
                0x60007730        0xc libraries\MIMXRT1050\MIMXRT1052\drivers\fsl_clock.o
                0x60007730                CLOCK_DeinitUsb2Pll
 .text.CLOCK_DeinitAudioPll
                0x6000773c       0x10 libraries\MIMXRT1050\MIMXRT1052\drivers\fsl_clock.o
                0x6000773c                CLOCK_DeinitAudioPll
 .text.CLOCK_DeinitVideoPll
                0x6000774c       0x10 libraries\MIMXRT1050\MIMXRT1052\drivers\fsl_clock.o
                0x6000774c                CLOCK_DeinitVideoPll
 .text.CLOCK_DeinitEnetPll
                0x6000775c       0x10 libraries\MIMXRT1050\MIMXRT1052\drivers\fsl_clock.o
                0x6000775c                CLOCK_DeinitEnetPll
 .text.CLOCK_GetPllFreq
                0x6000776c      0x1a0 libraries\MIMXRT1050\MIMXRT1052\drivers\fsl_clock.o
                0x6000776c                CLOCK_GetPllFreq
 .text.GPIO_PinWrite
                0x6000790c       0x38 libraries\MIMXRT1050\MIMXRT1052\drivers\fsl_gpio.o
                0x6000790c                GPIO_PinWrite
 .text.GPIO_PinSetInterruptConfig
                0x60007944       0x80 libraries\MIMXRT1050\MIMXRT1052\drivers\fsl_gpio.o
                0x60007944                GPIO_PinSetInterruptConfig
 .text.GPIO_PinInit
                0x600079c4       0xb0 libraries\MIMXRT1050\MIMXRT1052\drivers\fsl_gpio.o
                0x600079c4                GPIO_PinInit
 .text.CLOCK_ControlGate
                0x60007a74       0x44 libraries\MIMXRT1050\MIMXRT1052\drivers\fsl_lpuart.o
 .text.LPUART_GetInstance
                0x60007ab8       0x34 libraries\MIMXRT1050\MIMXRT1052\drivers\fsl_lpuart.o
                0x60007ab8                LPUART_GetInstance
 .text.LPUART_Init
                0x60007aec      0x1ec libraries\MIMXRT1050\MIMXRT1052\drivers\fsl_lpuart.o
                0x60007aec                LPUART_Init
 .text.LPUART_GetDefaultConfig
                0x60007cd8       0x50 libraries\MIMXRT1050\MIMXRT1052\drivers\fsl_lpuart.o
                0x60007cd8                LPUART_GetDefaultConfig
 .text.LPUART_EnableInterrupts
                0x60007d28       0x28 libraries\MIMXRT1050\MIMXRT1052\drivers\fsl_lpuart.o
                0x60007d28                LPUART_EnableInterrupts
 .text.LPUART_GetStatusFlags
                0x60007d50        0xe libraries\MIMXRT1050\MIMXRT1052\drivers\fsl_lpuart.o
                0x60007d50                LPUART_GetStatusFlags
 *fill*         0x60007d5e        0x2 
 .text.LPUART_ClearStatusFlags
                0x60007d60       0x48 libraries\MIMXRT1050\MIMXRT1052\drivers\fsl_lpuart.o
                0x60007d60                LPUART_ClearStatusFlags
 .text.LPUART1_DriverIRQHandler
                0x60007da8       0x18 libraries\MIMXRT1050\MIMXRT1052\drivers\fsl_lpuart.o
                0x60007da8                LPUART1_DriverIRQHandler
 .text.LPUART2_DriverIRQHandler
                0x60007dc0       0x18 libraries\MIMXRT1050\MIMXRT1052\drivers\fsl_lpuart.o
                0x60007dc0                LPUART2_DriverIRQHandler
 .text.LPUART3_DriverIRQHandler
                0x60007dd8       0x18 libraries\MIMXRT1050\MIMXRT1052\drivers\fsl_lpuart.o
                0x60007dd8                LPUART3_DriverIRQHandler
 .text.LPUART4_DriverIRQHandler
                0x60007df0       0x18 libraries\MIMXRT1050\MIMXRT1052\drivers\fsl_lpuart.o
                0x60007df0                LPUART4_DriverIRQHandler
 .text.LPUART5_DriverIRQHandler
                0x60007e08       0x18 libraries\MIMXRT1050\MIMXRT1052\drivers\fsl_lpuart.o
                0x60007e08                LPUART5_DriverIRQHandler
 .text.LPUART6_DriverIRQHandler
                0x60007e20       0x18 libraries\MIMXRT1050\MIMXRT1052\drivers\fsl_lpuart.o
                0x60007e20                LPUART6_DriverIRQHandler
 .text.LPUART7_DriverIRQHandler
                0x60007e38       0x18 libraries\MIMXRT1050\MIMXRT1052\drivers\fsl_lpuart.o
                0x60007e38                LPUART7_DriverIRQHandler
 .text.LPUART8_DriverIRQHandler
                0x60007e50       0x18 libraries\MIMXRT1050\MIMXRT1052\drivers\fsl_lpuart.o
                0x60007e50                LPUART8_DriverIRQHandler
 .text.imxrt_isr
                0x60007e68       0x54 libraries\drivers\drv_gpio.o
 .text.rt_hw_pin_init
                0x60007ebc       0x14 libraries\drivers\drv_gpio.o
                0x60007ebc                rt_hw_pin_init
 .text.imxrt_pin_read
                0x60007ed0       0x38 libraries\drivers\drv_gpio.o
 .text.imxrt_pin_write
                0x60007f08       0x34 libraries\drivers\drv_gpio.o
 .text.imxrt_pin_detach_irq
                0x60007f3c       0x5c libraries\drivers\drv_gpio.o
 .text.imxrt_pin_attach_irq
                0x60007f98       0x80 libraries\drivers\drv_gpio.o
 .text.imxrt_pin_irq_enable
                0x60008018      0x11c libraries\drivers\drv_gpio.o
 .text.imxrt_pin_mode
                0x60008134       0xcc libraries\drivers\drv_gpio.o
 .text.GPIO1_Combined_0_15_IRQHandler
                0x60008200       0x1c libraries\drivers\drv_gpio.o
                0x60008200                GPIO1_Combined_0_15_IRQHandler
 .text.GPIO1_Combined_16_31_IRQHandler
                0x6000821c       0x1c libraries\drivers\drv_gpio.o
                0x6000821c                GPIO1_Combined_16_31_IRQHandler
 .text.GPIO2_Combined_0_15_IRQHandler
                0x60008238       0x1c libraries\drivers\drv_gpio.o
                0x60008238                GPIO2_Combined_0_15_IRQHandler
 .text.GPIO2_Combined_16_31_IRQHandler
                0x60008254       0x1c libraries\drivers\drv_gpio.o
                0x60008254                GPIO2_Combined_16_31_IRQHandler
 .text.GPIO3_Combined_0_15_IRQHandler
                0x60008270       0x1c libraries\drivers\drv_gpio.o
                0x60008270                GPIO3_Combined_0_15_IRQHandler
 .text.GPIO3_Combined_16_31_IRQHandler
                0x6000828c       0x1c libraries\drivers\drv_gpio.o
                0x6000828c                GPIO3_Combined_16_31_IRQHandler
 .text.GPIO4_Combined_0_15_IRQHandler
                0x600082a8       0x1c libraries\drivers\drv_gpio.o
                0x600082a8                GPIO4_Combined_0_15_IRQHandler
 .text.GPIO4_Combined_16_31_IRQHandler
                0x600082c4       0x1c libraries\drivers\drv_gpio.o
                0x600082c4                GPIO4_Combined_16_31_IRQHandler
 .text.GPIO5_Combined_0_15_IRQHandler
                0x600082e0       0x1c libraries\drivers\drv_gpio.o
                0x600082e0                GPIO5_Combined_0_15_IRQHandler
 .text.imxrt_getc
                0x600082fc       0x4c libraries\drivers\drv_uart.o
 .text.imxrt_putc
                0x60008348       0x34 libraries\drivers\drv_uart.o
 .text.rt_hw_uart_init
                0x6000837c       0x44 libraries\drivers\drv_uart.o
                0x6000837c                rt_hw_uart_init
 .text.imxrt_control
                0x600083c0       0xd8 libraries\drivers\drv_uart.o
 .text.LPUART1_IRQHandler
                0x60008498       0x40 libraries\drivers\drv_uart.o
                0x60008498                LPUART1_IRQHandler
 .text.GetUartSrcFreq
                0x600084d8       0x5c libraries\drivers\drv_uart.o
                0x600084d8                GetUartSrcFreq
 .text.imxrt_configure
                0x60008534       0x98 libraries\drivers\drv_uart.o
 .text.__assert_func
                0x600085cc       0x3c c:/users/yaxing.chen/downloads/env_released_1.2.0/env/tools/gnu_gcc/arm_gcc/mingw/bin/../lib/gcc/arm-none-eabi/5.4.1/../../../../arm-none-eabi/lib/armv7e-m/fpu\libc.a(lib_a-assert.o)
                0x600085cc                __assert_func
 .text._fclose_r
                0x60008608       0x84 c:/users/yaxing.chen/downloads/env_released_1.2.0/env/tools/gnu_gcc/arm_gcc/mingw/bin/../lib/gcc/arm-none-eabi/5.4.1/../../../../arm-none-eabi/lib/armv7e-m/fpu\libc.a(lib_a-fclose.o)
                0x60008608                _fclose_r
 .text.__sflush_r
                0x6000868c      0x148 c:/users/yaxing.chen/downloads/env_released_1.2.0/env/tools/gnu_gcc/arm_gcc/mingw/bin/../lib/gcc/arm-none-eabi/5.4.1/../../../../arm-none-eabi/lib/armv7e-m/fpu\libc.a(lib_a-fflush.o)
                0x6000868c                __sflush_r
 .text._fflush_r
                0x600087d4       0x2c c:/users/yaxing.chen/downloads/env_released_1.2.0/env/tools/gnu_gcc/arm_gcc/mingw/bin/../lib/gcc/arm-none-eabi/5.4.1/../../../../arm-none-eabi/lib/armv7e-m/fpu\libc.a(lib_a-fflush.o)
                0x600087d4                _fflush_r
 .text.fileno   0x60008800       0x34 c:/users/yaxing.chen/downloads/env_released_1.2.0/env/tools/gnu_gcc/arm_gcc/mingw/bin/../lib/gcc/arm-none-eabi/5.4.1/../../../../arm-none-eabi/lib/armv7e-m/fpu\libc.a(lib_a-fileno.o)
                0x60008800                fileno
 .text._cleanup_r
                0x60008834        0xc c:/users/yaxing.chen/downloads/env_released_1.2.0/env/tools/gnu_gcc/arm_gcc/mingw/bin/../lib/gcc/arm-none-eabi/5.4.1/../../../../arm-none-eabi/lib/armv7e-m/fpu\libc.a(lib_a-findfp.o)
                0x60008834                _cleanup_r
 .text.__sinit.part.1
                0x60008840       0xf0 c:/users/yaxing.chen/downloads/env_released_1.2.0/env/tools/gnu_gcc/arm_gcc/mingw/bin/../lib/gcc/arm-none-eabi/5.4.1/../../../../arm-none-eabi/lib/armv7e-m/fpu\libc.a(lib_a-findfp.o)
 .text.__sinit  0x60008930        0xc c:/users/yaxing.chen/downloads/env_released_1.2.0/env/tools/gnu_gcc/arm_gcc/mingw/bin/../lib/gcc/arm-none-eabi/5.4.1/../../../../arm-none-eabi/lib/armv7e-m/fpu\libc.a(lib_a-findfp.o)
                0x60008930                __sinit
 .text.__sfp_lock_acquire
                0x6000893c        0x4 c:/users/yaxing.chen/downloads/env_released_1.2.0/env/tools/gnu_gcc/arm_gcc/mingw/bin/../lib/gcc/arm-none-eabi/5.4.1/../../../../arm-none-eabi/lib/armv7e-m/fpu\libc.a(lib_a-findfp.o)
                0x6000893c                __sfp_lock_acquire
 .text.__sfp_lock_release
                0x60008940        0x4 c:/users/yaxing.chen/downloads/env_released_1.2.0/env/tools/gnu_gcc/arm_gcc/mingw/bin/../lib/gcc/arm-none-eabi/5.4.1/../../../../arm-none-eabi/lib/armv7e-m/fpu\libc.a(lib_a-findfp.o)
                0x60008940                __sfp_lock_release
 .text.fiprintf
                0x60008944       0x28 c:/users/yaxing.chen/downloads/env_released_1.2.0/env/tools/gnu_gcc/arm_gcc/mingw/bin/../lib/gcc/arm-none-eabi/5.4.1/../../../../arm-none-eabi/lib/armv7e-m/fpu\libc.a(lib_a-fiprintf.o)
                0x60008944                fiprintf
 .text._fwalk_reent
                0x6000896c       0x54 c:/users/yaxing.chen/downloads/env_released_1.2.0/env/tools/gnu_gcc/arm_gcc/mingw/bin/../lib/gcc/arm-none-eabi/5.4.1/../../../../arm-none-eabi/lib/armv7e-m/fpu\libc.a(lib_a-fwalk.o)
                0x6000896c                _fwalk_reent
 .text.__swhatbuf_r
                0x600089c0       0x60 c:/users/yaxing.chen/downloads/env_released_1.2.0/env/tools/gnu_gcc/arm_gcc/mingw/bin/../lib/gcc/arm-none-eabi/5.4.1/../../../../arm-none-eabi/lib/armv7e-m/fpu\libc.a(lib_a-makebuf.o)
                0x600089c0                __swhatbuf_r
 .text.__smakebuf_r
                0x60008a20       0x88 c:/users/yaxing.chen/downloads/env_released_1.2.0/env/tools/gnu_gcc/arm_gcc/mingw/bin/../lib/gcc/arm-none-eabi/5.4.1/../../../../arm-none-eabi/lib/armv7e-m/fpu\libc.a(lib_a-makebuf.o)
                0x60008a20                __smakebuf_r
 .text.memcmp   0x60008aa8       0x64 c:/users/yaxing.chen/downloads/env_released_1.2.0/env/tools/gnu_gcc/arm_gcc/mingw/bin/../lib/gcc/arm-none-eabi/5.4.1/../../../../arm-none-eabi/lib/armv7e-m/fpu\libc.a(lib_a-memcmp.o)
                0x60008aa8                memcmp
 .text.memset   0x60008b0c       0x9c c:/users/yaxing.chen/downloads/env_released_1.2.0/env/tools/gnu_gcc/arm_gcc/mingw/bin/../lib/gcc/arm-none-eabi/5.4.1/../../../../arm-none-eabi/lib/armv7e-m/fpu\libc.a(lib_a-memset.o)
                0x60008b0c                memset
 .text.__sread  0x60008ba8       0x24 c:/users/yaxing.chen/downloads/env_released_1.2.0/env/tools/gnu_gcc/arm_gcc/mingw/bin/../lib/gcc/arm-none-eabi/5.4.1/../../../../arm-none-eabi/lib/armv7e-m/fpu\libc.a(lib_a-stdio.o)
                0x60008ba8                __sread
 .text.__swrite
                0x60008bcc       0x3c c:/users/yaxing.chen/downloads/env_released_1.2.0/env/tools/gnu_gcc/arm_gcc/mingw/bin/../lib/gcc/arm-none-eabi/5.4.1/../../../../arm-none-eabi/lib/armv7e-m/fpu\libc.a(lib_a-stdio.o)
                0x60008bcc                __swrite
 .text.__sseek  0x60008c08       0x20 c:/users/yaxing.chen/downloads/env_released_1.2.0/env/tools/gnu_gcc/arm_gcc/mingw/bin/../lib/gcc/arm-none-eabi/5.4.1/../../../../arm-none-eabi/lib/armv7e-m/fpu\libc.a(lib_a-stdio.o)
                0x60008c08                __sseek
 .text.__sclose
                0x60008c28        0x8 c:/users/yaxing.chen/downloads/env_released_1.2.0/env/tools/gnu_gcc/arm_gcc/mingw/bin/../lib/gcc/arm-none-eabi/5.4.1/../../../../arm-none-eabi/lib/armv7e-m/fpu\libc.a(lib_a-stdio.o)
                0x60008c28                __sclose
 .text.strcat   0x60008c30       0x40 c:/users/yaxing.chen/downloads/env_released_1.2.0/env/tools/gnu_gcc/arm_gcc/mingw/bin/../lib/gcc/arm-none-eabi/5.4.1/../../../../arm-none-eabi/lib/armv7e-m/fpu\libc.a(lib_a-strcat.o)
                0x60008c30                strcat
 .text.strcpy   0x60008c70       0xbc c:/users/yaxing.chen/downloads/env_released_1.2.0/env/tools/gnu_gcc/arm_gcc/mingw/bin/../lib/gcc/arm-none-eabi/5.4.1/../../../../arm-none-eabi/lib/armv7e-m/fpu\libc.a(lib_a-strcpy.o)
                0x60008c70                strcpy
 .text.strncmp  0x60008d2c       0xa0 c:/users/yaxing.chen/downloads/env_released_1.2.0/env/tools/gnu_gcc/arm_gcc/mingw/bin/../lib/gcc/arm-none-eabi/5.4.1/../../../../arm-none-eabi/lib/armv7e-m/fpu\libc.a(lib_a-strncmp.o)
                0x60008d2c                strncmp
 .text.strncpy  0x60008dcc       0x68 c:/users/yaxing.chen/downloads/env_released_1.2.0/env/tools/gnu_gcc/arm_gcc/mingw/bin/../lib/gcc/arm-none-eabi/5.4.1/../../../../arm-none-eabi/lib/armv7e-m/fpu\libc.a(lib_a-strncpy.o)
                0x60008dcc                strncpy
 .text.__sprint_r.part.0
                0x60008e34       0x78 c:/users/yaxing.chen/downloads/env_released_1.2.0/env/tools/gnu_gcc/arm_gcc/mingw/bin/../lib/gcc/arm-none-eabi/5.4.1/../../../../arm-none-eabi/lib/armv7e-m/fpu\libc.a(lib_a-vfiprintf.o)
 .text._vfiprintf_r
                0x60008eac      0xdfc c:/users/yaxing.chen/downloads/env_released_1.2.0/env/tools/gnu_gcc/arm_gcc/mingw/bin/../lib/gcc/arm-none-eabi/5.4.1/../../../../arm-none-eabi/lib/armv7e-m/fpu\libc.a(lib_a-vfiprintf.o)
                0x60008eac                _vfiprintf_r
 .text.__sbprintf
                0x60009ca8       0x6c c:/users/yaxing.chen/downloads/env_released_1.2.0/env/tools/gnu_gcc/arm_gcc/mingw/bin/../lib/gcc/arm-none-eabi/5.4.1/../../../../arm-none-eabi/lib/armv7e-m/fpu\libc.a(lib_a-vfiprintf.o)
 .text.__swsetup_r
                0x60009d14       0xc8 c:/users/yaxing.chen/downloads/env_released_1.2.0/env/tools/gnu_gcc/arm_gcc/mingw/bin/../lib/gcc/arm-none-eabi/5.4.1/../../../../arm-none-eabi/lib/armv7e-m/fpu\libc.a(lib_a-wsetup.o)
                0x60009d14                __swsetup_r
 .text.__fputwc
                0x60009ddc       0x98 c:/users/yaxing.chen/downloads/env_released_1.2.0/env/tools/gnu_gcc/arm_gcc/mingw/bin/../lib/gcc/arm-none-eabi/5.4.1/../../../../arm-none-eabi/lib/armv7e-m/fpu\libc.a(lib_a-fputwc.o)
                0x60009ddc                __fputwc
 .text._fputwc_r
                0x60009e74       0x28 c:/users/yaxing.chen/downloads/env_released_1.2.0/env/tools/gnu_gcc/arm_gcc/mingw/bin/../lib/gcc/arm-none-eabi/5.4.1/../../../../arm-none-eabi/lib/armv7e-m/fpu\libc.a(lib_a-fputwc.o)
                0x60009e74                _fputwc_r
 .text.__sfvwrite_r
                0x60009e9c      0x304 c:/users/yaxing.chen/downloads/env_released_1.2.0/env/tools/gnu_gcc/arm_gcc/mingw/bin/../lib/gcc/arm-none-eabi/5.4.1/../../../../arm-none-eabi/lib/armv7e-m/fpu\libc.a(lib_a-fvwrite.o)
                0x60009e9c                __sfvwrite_r
 .text.__locale_mb_cur_max
                0x6000a1a0       0x1c c:/users/yaxing.chen/downloads/env_released_1.2.0/env/tools/gnu_gcc/arm_gcc/mingw/bin/../lib/gcc/arm-none-eabi/5.4.1/../../../../arm-none-eabi/lib/armv7e-m/fpu\libc.a(lib_a-locale.o)
                0x6000a1a0                __locale_mb_cur_max
 .text.__ascii_mbtowc
                0x6000a1bc       0x2c c:/users/yaxing.chen/downloads/env_released_1.2.0/env/tools/gnu_gcc/arm_gcc/mingw/bin/../lib/gcc/arm-none-eabi/5.4.1/../../../../arm-none-eabi/lib/armv7e-m/fpu\libc.a(lib_a-mbtowc_r.o)
                0x6000a1bc                __ascii_mbtowc
 .text.memmove  0x6000a1e8       0xc8 c:/users/yaxing.chen/downloads/env_released_1.2.0/env/tools/gnu_gcc/arm_gcc/mingw/bin/../lib/gcc/arm-none-eabi/5.4.1/../../../../arm-none-eabi/lib/armv7e-m/fpu\libc.a(lib_a-memmove.o)
                0x6000a1e8                memmove
 .text.__swbuf_r
                0x6000a2b0       0xac c:/users/yaxing.chen/downloads/env_released_1.2.0/env/tools/gnu_gcc/arm_gcc/mingw/bin/../lib/gcc/arm-none-eabi/5.4.1/../../../../arm-none-eabi/lib/armv7e-m/fpu\libc.a(lib_a-wbuf.o)
                0x6000a2b0                __swbuf_r
 .text._wcrtomb_r
                0x6000a35c       0x54 c:/users/yaxing.chen/downloads/env_released_1.2.0/env/tools/gnu_gcc/arm_gcc/mingw/bin/../lib/gcc/arm-none-eabi/5.4.1/../../../../arm-none-eabi/lib/armv7e-m/fpu\libc.a(lib_a-wcrtomb.o)
                0x6000a35c                _wcrtomb_r
 .text.__ascii_wctomb
                0x6000a3b0       0x1c c:/users/yaxing.chen/downloads/env_released_1.2.0/env/tools/gnu_gcc/arm_gcc/mingw/bin/../lib/gcc/arm-none-eabi/5.4.1/../../../../arm-none-eabi/lib/armv7e-m/fpu\libc.a(lib_a-wctomb_r.o)
                0x6000a3b0                __ascii_wctomb
 *(.rodata)
 .rodata        0x6000a3cc       0x10 libraries\MIMXRT1050\MIMXRT1052\drivers\fsl_clock.o
 .rodata        0x6000a3dc        0x8 libraries\drivers\drv_uart.o
 *(.rodata*)
 .rodata.str1.1
                0x6000a3e4        0x6 build\board\board.o
 .rodata.__func__.9096
                0x6000a3ea        0xd build\board\MCUX_Config\clock_config.o
 .rodata.__func__.9110
                0x6000a3f7       0x12 build\board\MCUX_Config\clock_config.o
 *fill*         0x6000a409        0x3 
 .rodata.armPllConfig_BOARD_BootClockRUN
                0x6000a40c        0x8 build\board\MCUX_Config\clock_config.o
                0x6000a40c                armPllConfig_BOARD_BootClockRUN
 .rodata.str1.1
                0x6000a414       0x5d build\board\MCUX_Config\clock_config.o
 .rodata.__func__.9084
                0x6000a471        0xd build\board\MCUX_Config\clock_config.o
 .rodata.__FUNCTION__.5754
                0x6000a47e       0x14 build\kernel\src\components.o
 .rodata.str1.1
                0x6000a492       0x14 build\kernel\src\components.o
 .rodata.__FUNCTION__.5689
                0x6000a4a6       0x10 build\kernel\src\device.o
 .rodata.__FUNCTION__.5646
                0x6000a4b6        0xf build\kernel\src\device.o
 .rodata.str1.1
                0x6000a4c5      0x107 build\kernel\src\device.o
 .rodata.__FUNCTION__.5702
                0x6000a5cc       0x1a build\kernel\src\device.o
 .rodata.__FUNCTION__.5670
                0x6000a5e6        0xf build\kernel\src\device.o
 .rodata.__FUNCTION__.5675
                0x6000a5f5       0x10 build\kernel\src\device.o
 .rodata.__FUNCTION__.5682
                0x6000a605        0xf build\kernel\src\device.o
 .rodata.__FUNCTION__.5737
                0x6000a614       0x16 build\kernel\src\idle.o
 .rodata.str1.1
                0x6000a62a       0x2f build\kernel\src\idle.o
                                 0x31 (size before relaxing)
 .rodata.str1.1
                0x6000a659      0x41b build\kernel\src\ipc.o
                                0x444 (size before relaxing)
 .rodata.__FUNCTION__.5742
                0x6000aa74        0xc build\kernel\src\ipc.o
 .rodata.__FUNCTION__.5766
                0x6000aa80        0xc build\kernel\src\ipc.o
 .rodata.__FUNCTION__.5777
                0x6000aa8c        0xf build\kernel\src\ipc.o
 .rodata.str1.1
                0x6000aa9b       0xbf build\kernel\src\kservice.o
 .rodata.__lowest_bit_bitmap
                0x6000ab5a      0x100 build\kernel\src\kservice.o
                0x6000ab5a                __lowest_bit_bitmap
 .rodata.small_digits.5875
                0x6000ac5a       0x11 build\kernel\src\kservice.o
 .rodata.large_digits.5876
                0x6000ac6b       0x11 build\kernel\src\kservice.o
 .rodata.__FUNCTION__.5735
                0x6000ac7c       0x13 build\kernel\src\memheap.o
 .rodata.__FUNCTION__.5748
                0x6000ac8f       0x10 build\kernel\src\memheap.o
 .rodata.__FUNCTION__.5762
                0x6000ac9f        0xa build\kernel\src\memheap.o
 .rodata.str1.1
                0x6000aca9      0x12d build\kernel\src\memheap.o
                                0x159 (size before relaxing)
 .rodata.__FUNCTION__.5709
                0x6000add6       0x10 build\kernel\src\memheap.o
 .rodata.__FUNCTION__.5721
                0x6000ade6       0x11 build\kernel\src\memheap.o
 .rodata.__FUNCTION__.5795
                0x6000adf7       0x11 build\kernel\src\object.o
 .rodata.__FUNCTION__.5804
                0x6000ae08       0x13 build\kernel\src\object.o
 .rodata.__FUNCTION__.5817
                0x6000ae1b       0x13 build\kernel\src\object.o
 .rodata.__FUNCTION__.5809
                0x6000ae2e       0x11 build\kernel\src\object.o
 .rodata.str1.1
                0x6000ae3f       0x49 build\kernel\src\object.o
                                 0x89 (size before relaxing)
 .rodata.__FUNCTION__.5813
                0x6000ae88       0x1a build\kernel\src\object.o
 .rodata.__FUNCTION__.5786
                0x6000aea2        0xf build\kernel\src\object.o
 .rodata.__FUNCTION__.5761
                0x6000aeb1       0x1a build\kernel\src\scheduler.o
 .rodata.str1.1
                0x6000aecb       0x61 build\kernel\src\scheduler.o
 .rodata.__FUNCTION__.5767
                0x6000af2c       0x1a build\kernel\src\scheduler.o
 .rodata.__FUNCTION__.5820
                0x6000af46       0x12 build\kernel\src\thread.o
 .rodata.__FUNCTION__.5737
                0x6000af58       0x10 build\kernel\src\thread.o
 .rodata.__FUNCTION__.5758
                0x6000af68       0x12 build\kernel\src\thread.o
 .rodata.__FUNCTION__.5749
                0x6000af7a        0xf build\kernel\src\thread.o
 .rodata.str1.1
                0x6000af89      0x181 build\kernel\src\thread.o
                                0x1aa (size before relaxing)
 .rodata.__FUNCTION__.5830
                0x6000b10a       0x12 build\kernel\src\thread.o
 .rodata.__FUNCTION__.5788
                0x6000b11c       0x10 build\kernel\src\thread.o
 .rodata.__FUNCTION__.5825
                0x6000b12c       0x11 build\kernel\src\thread.o
 .rodata.__FUNCTION__.5799
                0x6000b13d        0xe build\kernel\src\timer.o
 .rodata.__FUNCTION__.5753
                0x6000b14b        0xe build\kernel\src\timer.o
 .rodata.__FUNCTION__.5758
                0x6000b159       0x10 build\kernel\src\timer.o
 .rodata.__FUNCTION__.5805
                0x6000b169       0x11 build\kernel\src\timer.o
 .rodata.str1.1
                0x6000b17a       0xd0 build\kernel\src\timer.o
 .rodata.__FUNCTION__.5782
                0x6000b24a        0xf build\kernel\src\timer.o
 .rodata.str1.1
                0x6000b259      0x24a build\kernel\libcpu\arm\cortex-m7\cpuport.o
                                0x26b (size before relaxing)
 .rodata.__FUNCTION__.7590
                0x6000b4a3        0xc build\kernel\components\drivers\misc\pin.o
 .rodata.__FUNCTION__.7598
                0x6000b4af        0xd build\kernel\components\drivers\misc\pin.o
 .rodata.name   0x6000b4bc       0x69 build\kernel\components\drivers\misc\pin.o
                0x6000b4bc                __fsym_pinRead_desc
                0x6000b4da                __fsym_pinRead_name
                0x6000b4e2                __fsym_pinWrite_desc
                0x6000b4fe                __fsym_pinWrite_name
                0x6000b507                __fsym_pinMode_desc
                0x6000b51d                __fsym_pinMode_name
 .rodata.str1.1
                0x6000b525       0x26 build\kernel\components\drivers\misc\pin.o
 .rodata.__FUNCTION__.7546
                0x6000b54b        0xa build\kernel\components\drivers\misc\pin.o
 .rodata.__FUNCTION__.7555
                0x6000b555        0xb build\kernel\components\drivers\misc\pin.o
 .rodata.__FUNCTION__.7605
                0x6000b560        0xc build\kernel\components\drivers\misc\pin.o
 .rodata.__FUNCTION__.7563
                0x6000b56c        0xd build\kernel\components\drivers\misc\pin.o
 .rodata.__FUNCTION__.6227
                0x6000b579       0x11 build\kernel\components\drivers\serial\serial.o
 .rodata.__FUNCTION__.6187
                0x6000b58a        0xf build\kernel\components\drivers\serial\serial.o
 .rodata.__FUNCTION__.6195
                0x6000b599       0x10 build\kernel\components\drivers\serial\serial.o
 .rodata.__FUNCTION__.6137
                0x6000b5a9        0xf build\kernel\components\drivers\serial\serial.o
 .rodata.__FUNCTION__.6150
                0x6000b5b8        0xf build\kernel\components\drivers\serial\serial.o
 .rodata.str1.1
                0x6000b5c7       0xbe build\kernel\components\drivers\serial\serial.o
                                 0xcd (size before relaxing)
 .rodata.__FUNCTION__.6203
                0x6000b685       0x12 build\kernel\components\drivers\serial\serial.o
 .rodata.__FUNCTION__.6163
                0x6000b697        0xf build\kernel\components\drivers\serial\serial.o
 .rodata.__FUNCTION__.6170
                0x6000b6a6        0xf build\kernel\components\drivers\serial\serial.o
 .rodata.__FUNCTION__.6218
                0x6000b6b5       0x16 build\kernel\components\drivers\serial\serial.o
 .rodata.__FUNCTION__.6177
                0x6000b6cb       0x10 build\kernel\components\drivers\serial\serial.o
 .rodata.__FUNCTION__.6128
                0x6000b6db       0x13 build\kernel\components\drivers\src\completion.o
 .rodata.str1.1
                0x6000b6ee       0x45 build\kernel\components\drivers\src\completion.o
                                 0x6e (size before relaxing)
 .rodata.__FUNCTION__.6113
                0x6000b733       0x13 build\kernel\components\drivers\src\completion.o
 .rodata.__FUNCTION__.6121
                0x6000b746       0x13 build\kernel\components\drivers\src\completion.o
 .rodata.__FUNCTION__.7289
                0x6000b759       0x11 build\kernel\components\finsh\shell.o
 .rodata.str1.1
                0x6000b76a       0x79 build\kernel\components\finsh\shell.o
                                 0x80 (size before relaxing)
 .rodata.__FUNCTION__.7271
                0x6000b7e3       0x16 build\kernel\components\finsh\shell.o
 .rodata.__FUNCTION__.7276
                0x6000b7f9        0xe build\kernel\components\finsh\shell.o
 .rodata.__FUNCTION__.7284
                0x6000b807        0xd build\kernel\components\finsh\shell.o
 .rodata.name   0x6000b814      0x3cb build\kernel\components\finsh\cmd.o
                0x6000b814                __fsym_list_desc
                0x6000b82e                __fsym_list_name
                0x6000b833                __fsym___cmd_list_device_desc
                0x6000b849                __fsym___cmd_list_device_name
                0x6000b85b                __fsym_list_device_desc
                0x6000b871                __fsym_list_device_name
                0x6000b87d                __fsym___cmd_list_timer_desc
                0x6000b892                __fsym___cmd_list_timer_name
                0x6000b8a3                __fsym_list_timer_desc
                0x6000b8b8                __fsym_list_timer_name
                0x6000b8c3                __fsym___cmd_list_mempool_desc
                0x6000b8de                __fsym___cmd_list_mempool_name
                0x6000b8f1                __fsym_list_mempool_desc
                0x6000b90c                __fsym_list_mempool_name
                0x6000b919                __fsym___cmd_list_memheap_desc
                0x6000b934                __fsym___cmd_list_memheap_name
                0x6000b947                __fsym_list_memheap_desc
                0x6000b962                __fsym_list_memheap_name
                0x6000b96f                __fsym___cmd_list_msgqueue_desc
                0x6000b98c                __fsym___cmd_list_msgqueue_name
                0x6000b9a0                __fsym_list_msgqueue_desc
                0x6000b9bd                __fsym_list_msgqueue_name
                0x6000b9cb                __fsym___cmd_list_mailbox_desc
                0x6000b9e3                __fsym___cmd_list_mailbox_name
                0x6000b9f6                __fsym_list_mailbox_desc
                0x6000ba0e                __fsym_list_mailbox_name
                0x6000ba1b                __fsym___cmd_list_mutex_desc
                0x6000ba30                __fsym___cmd_list_mutex_name
                0x6000ba41                __fsym_list_mutex_desc
                0x6000ba56                __fsym_list_mutex_name
                0x6000ba61                __fsym___cmd_list_event_desc
                0x6000ba76                __fsym___cmd_list_event_name
                0x6000ba87                __fsym_list_event_desc
                0x6000ba9c                __fsym_list_event_name
                0x6000baa7                __fsym___cmd_list_sem_desc
                0x6000bac0                __fsym___cmd_list_sem_name
                0x6000bacf                __fsym_list_sem_desc
                0x6000bae8                __fsym_list_sem_name
                0x6000baf1                __fsym___cmd_list_thread_desc
                0x6000bafd                __fsym___cmd_list_thread_name
                0x6000bb0f                __fsym_list_thread_desc
                0x6000bb1b                __fsym_list_thread_name
                0x6000bb27                __fsym___cmd_version_desc
                0x6000bb4a                __fsym___cmd_version_name
                0x6000bb58                __fsym_version_desc
                0x6000bb7b                __fsym_version_name
                0x6000bb83                __fsym___cmd_clear_desc
                0x6000bb9d                __fsym___cmd_clear_name
                0x6000bba9                __fsym_clear_desc
                0x6000bbc3                __fsym_clear_name
                0x6000bbc9                __fsym_hello_desc
                0x6000bbd9                __fsym_hello_name
 .rodata.str1.1
                0x6000bbdf      0x603 build\kernel\components\finsh\cmd.o
                                0x62f (size before relaxing)
 *fill*         0x6000c1e2        0x2 
 .rodata.device_type_str
                0x6000c1e4       0x58 build\kernel\components\finsh\cmd.o
 .rodata.name   0x6000c23c       0x76 build\kernel\components\finsh\msh.o
                0x6000c23c                __fsym___cmd_free_desc
                0x6000c261                __fsym___cmd_free_name
                0x6000c26c                __fsym___cmd_ps_desc
                0x6000c288                __fsym___cmd_ps_name
                0x6000c291                __fsym___cmd_help_desc
                0x6000c2a7                __fsym___cmd_help_name
 .rodata.str1.1
                0x6000c2b2       0x68 build\kernel\components\finsh\msh.o
                                 0x6e (size before relaxing)
 .rodata.str1.1
                0x6000c31a       0x42 build\kernel\components\libc\compilers\newlib\syscalls.o
                                 0x44 (size before relaxing)
 .rodata.__func__.9281
                0x6000c35c       0x16 libraries\MIMXRT1050\MIMXRT1052\drivers\fsl_clock.o
 .rodata.str1.1
                0x6000c372       0x43 libraries\MIMXRT1050\MIMXRT1052\drivers\fsl_clock.o
 .rodata.__func__.9375
                0x6000c3b5       0x11 libraries\MIMXRT1050\MIMXRT1052\drivers\fsl_gpio.o
 .rodata.s_gpioClock
                0x6000c3c6        0xc libraries\MIMXRT1050\MIMXRT1052\drivers\fsl_gpio.o
 .rodata.__func__.9386
                0x6000c3d2        0xe libraries\MIMXRT1050\MIMXRT1052\drivers\fsl_gpio.o
 .rodata.__func__.9110
                0x6000c3e0       0x12 libraries\MIMXRT1050\MIMXRT1052\drivers\fsl_gpio.o
 .rodata.str1.1
                0x6000c3f2       0x93 libraries\MIMXRT1050\MIMXRT1052\drivers\fsl_gpio.o
                                 0x9e (size before relaxing)
 *fill*         0x6000c485        0x3 
 .rodata.s_gpioBases
                0x6000c488       0x18 libraries\MIMXRT1050\MIMXRT1052\drivers\fsl_gpio.o
 .rodata.__func__.9566
                0x6000c4a0        0xc libraries\MIMXRT1050\MIMXRT1052\drivers\fsl_lpuart.o
 .rodata.__func__.9110
                0x6000c4ac       0x12 libraries\MIMXRT1050\MIMXRT1052\drivers\fsl_lpuart.o
 .rodata.str1.1
                0x6000c4be      0x12b libraries\MIMXRT1050\MIMXRT1052\drivers\fsl_lpuart.o
                                0x17c (size before relaxing)
 .rodata.__func__.9593
                0x6000c5e9       0x18 libraries\MIMXRT1050\MIMXRT1052\drivers\fsl_lpuart.o
 *fill*         0x6000c601        0x1 
 .rodata.s_lpuartClock
                0x6000c602       0x12 libraries\MIMXRT1050\MIMXRT1052\drivers\fsl_lpuart.o
 .rodata.__func__.9526
                0x6000c614       0x13 libraries\MIMXRT1050\MIMXRT1052\drivers\fsl_lpuart.o
 *fill*         0x6000c627        0x1 
 .rodata.s_lpuartBases
                0x6000c628       0x24 libraries\MIMXRT1050\MIMXRT1052\drivers\fsl_lpuart.o
 .rodata.mask_tab
                0x6000c64c       0x28 libraries\drivers\drv_gpio.o
                0x6000c64c                mask_tab
 .rodata.irq_tab
                0x6000c674       0x14 libraries\drivers\drv_gpio.o
 .rodata.imxrt_pin_ops
                0x6000c688       0x18 libraries\drivers\drv_gpio.o
 .rodata.str1.1
                0x6000c6a0        0x4 libraries\drivers\drv_gpio.o
 .rodata.reg_offset
                0x6000c6a4       0x80 libraries\drivers\drv_gpio.o
                0x6000c6a4                reg_offset
 .rodata.imxrt_uart_ops
                0x6000c724       0x14 libraries\drivers\drv_uart.o
 .rodata.__FUNCTION__.11650
                0x6000c738       0x10 libraries\drivers\drv_uart.o
 .rodata.__FUNCTION__.11667
                0x6000c748        0xe libraries\drivers\drv_uart.o
 .rodata.str1.1
                0x6000c756        0xf libraries\drivers\drv_uart.o
                                 0x27 (size before relaxing)
 .rodata.__FUNCTION__.11676
                0x6000c765        0xb libraries\drivers\drv_uart.o
 .rodata.__FUNCTION__.11685
                0x6000c770        0xb libraries\drivers\drv_uart.o
 *fill*         0x6000c77b        0x1 
 .rodata.str1.4
                0x6000c77c       0x3f c:/users/yaxing.chen/downloads/env_released_1.2.0/env/tools/gnu_gcc/arm_gcc/mingw/bin/../lib/gcc/arm-none-eabi/5.4.1/../../../../arm-none-eabi/lib/armv7e-m/fpu\libc.a(lib_a-assert.o)
                                 0x43 (size before relaxing)
 *fill*         0x6000c7bb        0x1 
 .rodata.zeroes.7252
                0x6000c7bc       0x10 c:/users/yaxing.chen/downloads/env_released_1.2.0/env/tools/gnu_gcc/arm_gcc/mingw/bin/../lib/gcc/arm-none-eabi/5.4.1/../../../../arm-none-eabi/lib/armv7e-m/fpu\libc.a(lib_a-vfiprintf.o)
 .rodata.blanks.7251
                0x6000c7cc       0x10 c:/users/yaxing.chen/downloads/env_released_1.2.0/env/tools/gnu_gcc/arm_gcc/mingw/bin/../lib/gcc/arm-none-eabi/5.4.1/../../../../arm-none-eabi/lib/armv7e-m/fpu\libc.a(lib_a-vfiprintf.o)
 .rodata.str1.4
                0x6000c7dc       0x2f c:/users/yaxing.chen/downloads/env_released_1.2.0/env/tools/gnu_gcc/arm_gcc/mingw/bin/../lib/gcc/arm-none-eabi/5.4.1/../../../../arm-none-eabi/lib/armv7e-m/fpu\libc.a(lib_a-vfiprintf.o)
 *fill*         0x6000c80b        0x1 
 .rodata.str1.4
                0x6000c80c       0x10 c:/users/yaxing.chen/downloads/env_released_1.2.0/env/tools/gnu_gcc/arm_gcc/mingw/bin/../lib/gcc/arm-none-eabi/5.4.1/../../../../arm-none-eabi/lib/armv7e-m/fpu\libc.a(lib_a-locale.o)
                                 0x12 (size before relaxing)
 .rodata._ctype_
                0x6000c81c      0x101 c:/users/yaxing.chen/downloads/env_released_1.2.0/env/tools/gnu_gcc/arm_gcc/mingw/bin/../lib/gcc/arm-none-eabi/5.4.1/../../../../arm-none-eabi/lib/armv7e-m/fpu\libc.a(lib_a-ctype_.o)
                0x6000c81c                _ctype_
 *(.glue_7)
 .glue_7        0x6000c91d        0x0 linker stubs
 *(.glue_7t)
 .glue_7t       0x6000c91d        0x0 linker stubs
 *(.eh_frame)
 *(.init)
 *(.fini)
                0x6000c920                . = ALIGN (0x4)
 *fill*         0x6000c91d        0x3 
                0x6000c920                . = ALIGN (0x4)
                0x6000c920                __fsymtab_start = .
 *(FSymTab)
 FSymTab        0x6000c920       0x24 build\kernel\components\drivers\misc\pin.o
                0x6000c920                __fsym_pinRead
                0x6000c92c                __fsym_pinWrite
                0x6000c938                __fsym_pinMode
 FSymTab        0x6000c944      0x138 build\kernel\components\finsh\cmd.o
                0x6000c944                __fsym_list
                0x6000c950                __fsym___cmd_list_device
                0x6000c95c                __fsym_list_device
                0x6000c968                __fsym___cmd_list_timer
                0x6000c974                __fsym_list_timer
                0x6000c980                __fsym___cmd_list_mempool
                0x6000c98c                __fsym_list_mempool
                0x6000c998                __fsym___cmd_list_memheap
                0x6000c9a4                __fsym_list_memheap
                0x6000c9b0                __fsym___cmd_list_msgqueue
                0x6000c9bc                __fsym_list_msgqueue
                0x6000c9c8                __fsym___cmd_list_mailbox
                0x6000c9d4                __fsym_list_mailbox
                0x6000c9e0                __fsym___cmd_list_mutex
                0x6000c9ec                __fsym_list_mutex
                0x6000c9f8                __fsym___cmd_list_event
                0x6000ca04                __fsym_list_event
                0x6000ca10                __fsym___cmd_list_sem
                0x6000ca1c                __fsym_list_sem
                0x6000ca28                __fsym___cmd_list_thread
                0x6000ca34                __fsym_list_thread
                0x6000ca40                __fsym___cmd_version
                0x6000ca4c                __fsym_version
                0x6000ca58                __fsym___cmd_clear
                0x6000ca64                __fsym_clear
                0x6000ca70                __fsym_hello
 FSymTab        0x6000ca7c       0x24 build\kernel\components\finsh\msh.o
                0x6000ca7c                __fsym___cmd_free
                0x6000ca88                __fsym___cmd_ps
                0x6000ca94                __fsym___cmd_help
                0x6000caa0                __fsymtab_end = .
                0x6000caa0                . = ALIGN (0x4)
                0x6000caa0                __vsymtab_start = .
 *(VSymTab)
                0x6000caa0                __vsymtab_end = .
                0x6000caa0                . = ALIGN (0x4)
                0x6000caa0                . = ALIGN (0x4)
                0x6000caa0                __rt_init_start = .
 *(SORT(.rti_fn*))
 .rti_fn.0      0x6000caa0        0x4 build\kernel\src\components.o
                0x6000caa0                __rt_init_rti_start
 .rti_fn.0.end  0x6000caa4        0x4 build\kernel\src\components.o
                0x6000caa4                __rt_init_rti_board_start
 .rti_fn.1      0x6000caa8        0x4 libraries\drivers\drv_gpio.o
                0x6000caa8                __rt_init_rt_hw_pin_init
 .rti_fn.1      0x6000caac        0x4 libraries\drivers\drv_uart.o
                0x6000caac                __rt_init_rt_hw_uart_init
 .rti_fn.1.end  0x6000cab0        0x4 build\kernel\src\components.o
                0x6000cab0                __rt_init_rti_board_end
 .rti_fn.4      0x6000cab4        0x4 build\kernel\components\libc\compilers\newlib\libc.o
                0x6000cab4                __rt_init_libc_system_init
 .rti_fn.6      0x6000cab8        0x4 build\kernel\components\finsh\shell.o
                0x6000cab8                __rt_init_finsh_system_init
 .rti_fn.6.end  0x6000cabc        0x4 build\kernel\src\components.o
                0x6000cabc                __rt_init_rti_end
                0x6000cac0                __rt_init_end = .

.vfp11_veneer   0x6000cac0        0x0
 .vfp11_veneer  0x6000cac0        0x0 linker stubs

.v4_bx          0x6000cac0        0x0
 .v4_bx         0x6000cac0        0x0 linker stubs

.iplt           0x6000cac0        0x0
 .iplt          0x6000cac0        0x0 build\applications\main.o

.ARM.extab
 *(.ARM.extab* .gnu.linkonce.armextab.*)

.ARM            0x6000cac0        0x8
                0x6000cac0                __exidx_start = .
 *(.ARM.exidx*)
 .ARM.exidx     0x6000cac0        0x8 c:/users/yaxing.chen/downloads/env_released_1.2.0/env/tools/gnu_gcc/arm_gcc/mingw/bin/../lib/gcc/arm-none-eabi/5.4.1/armv7e-m/fpu\libgcc.a(_udivmoddi4.o)
                0x6000cac8                __exidx_end = .

.rel.dyn        0x6000cac8        0x0
 .rel.iplt      0x6000cac8        0x0 build\applications\main.o

.ctors          0x6000cac8        0x0
                [!provide]                PROVIDE (__ctors_start__, .)
 *crtbegin.o(.ctors)
 *crtbegin?.o(.ctors)
 *(EXCLUDE_FILE(*crtend.o *crtend?.o) .ctors)
 *(SORT(.ctors.*))
 *(.ctors)
                [!provide]                PROVIDE (__ctors_end__, .)

.dtors          0x6000cac8        0x0
                [!provide]                PROVIDE (__dtors_start__, .)
 *crtbegin.o(.dtors)
 *crtbegin?.o(.dtors)
 *(EXCLUDE_FILE(*crtend.o *crtend?.o) .dtors)
 *(SORT(.dtors.*))
 *(.dtors)
                [!provide]                PROVIDE (__dtors_end__, .)

.preinit_array  0x6000cac8        0x0
                [!provide]                PROVIDE (__preinit_array_start, .)
 *(.preinit_array*)
                [!provide]                PROVIDE (__preinit_array_end, .)

.init_array     0x6000cac8        0x0
                [!provide]                PROVIDE (__init_array_start, .)
 *(SORT(.init_array.*))
 *(.init_array*)
                [!provide]                PROVIDE (__init_array_end, .)

.fini_array     0x6000cac8        0x0
                [!provide]                PROVIDE (__fini_array_start, .)
 *(SORT(.fini_array.*))
 *(.fini_array*)
                [!provide]                PROVIDE (__fini_array_end, .)
                0x6000cac8                __etext = .
                0x6000cac8                __DATA_ROM = .

.data           0x20000000      0xcc0 load address 0x6000cac8
                0x20000000                . = ALIGN (0x4)
                0x20000000                __DATA_RAM = .
                0x20000000                __data_start__ = .
 *(m_usb_dma_init_data)
 *(.data)
 *(.data*)
 .data.rt_object_container
                0x20000000       0xa0 build\kernel\src\object.o
 .data.SystemCoreClock
                0x200000a0        0x4 libraries\MIMXRT1050\MIMXRT1052\system_MIMXRT1052.o
                0x200000a0                SystemCoreClock
 .data.hdr_tab  0x200000a4      0x624 libraries\drivers\drv_gpio.o
 .data.uarts    0x200006c8       0x60 libraries\drivers\drv_uart.o
 .data.impure_data
                0x20000728      0x428 c:/users/yaxing.chen/downloads/env_released_1.2.0/env/tools/gnu_gcc/arm_gcc/mingw/bin/../lib/gcc/arm-none-eabi/5.4.1/../../../../arm-none-eabi/lib/armv7e-m/fpu\libc.a(lib_a-impure.o)
 .data._impure_ptr
                0x20000b50        0x4 c:/users/yaxing.chen/downloads/env_released_1.2.0/env/tools/gnu_gcc/arm_gcc/mingw/bin/../lib/gcc/arm-none-eabi/5.4.1/../../../../arm-none-eabi/lib/armv7e-m/fpu\libc.a(lib_a-impure.o)
                0x20000b50                _impure_ptr
 .data.__global_locale
                0x20000b54      0x16c c:/users/yaxing.chen/downloads/env_released_1.2.0/env/tools/gnu_gcc/arm_gcc/mingw/bin/../lib/gcc/arm-none-eabi/5.4.1/../../../../arm-none-eabi/lib/armv7e-m/fpu\libc.a(lib_a-locale.o)
                0x20000b54                __global_locale
 *(.jcr*)
                0x20000cc0                . = ALIGN (0x4)
                0x20000cc0                __data_end__ = .
                0x6000d788                __NDATA_ROM = (__DATA_ROM + (__data_end__ - __data_start__))

.igot.plt       0x20000cc0        0x0 load address 0x6000d788
 .igot.plt      0x20000cc0        0x0 build\applications\main.o

.ncache.init    0x81e00000        0x0 load address 0x6000d788
                0x81e00000                __noncachedata_start__ = .
 *(NonCacheable.init)
                0x81e00000                . = ALIGN (0x4)
                0x81e00000                __noncachedata_init_end__ = .
                0x81e00000                . = __noncachedata_init_end__

.ncache         0x81e00000        0x0
 *(NonCacheable)
                0x81e00000                . = ALIGN (0x4)
                0x81e00000                __noncachedata_end__ = .
                0x6000d788                __DATA_END = (__NDATA_ROM + (__noncachedata_init_end__ - __noncachedata_start__))
                0x7f800000                text_end = (ORIGIN (m_text) + LENGTH (m_text))
                0x00000001                ASSERT ((__DATA_END <= text_end), region m_text overflowed with text and data)

.bss            0x20000cc0      0x504 load address 0x6000d788
                0x20000cc0                . = ALIGN (0x4)
                0x20000cc0                __START_BSS = .
                0x20000cc0                __bss_start__ = .
 *(m_usb_dma_noninit_data)
 *(.bss)
 *(.bss*)
 .bss.rt_tick   0x20000cc0        0x4 build\kernel\src\clock.o
 .bss.idle      0x20000cc4       0x80 build\kernel\src\idle.o
 .bss.rt_thread_stack
                0x20000d44      0x100 build\kernel\src\idle.o
 .bss.idle_hook_list
                0x20000e44       0x10 build\kernel\src\idle.o
 .bss.rt_interrupt_leave_hook
                0x20000e54        0x4 build\kernel\src\irq.o
 .bss.rt_interrupt_enter_hook
                0x20000e58        0x4 build\kernel\src\irq.o
 .bss.rt_interrupt_nest
                0x20000e5c        0x1 build\kernel\src\irq.o
                0x20000e5c                rt_interrupt_nest
 *fill*         0x20000e5d        0x3 
 .bss.__rt_errno
                0x20000e60        0x4 build\kernel\src\kservice.o
 .bss._console_device
                0x20000e64        0x4 build\kernel\src\kservice.o
 .bss.rt_log_buf.5986
                0x20000e68       0x80 build\kernel\src\kservice.o
 .bss._heap     0x20000ee8       0x64 build\kernel\src\memheap.o
 .bss.rt_object_attach_hook
                0x20000f4c        0x4 build\kernel\src\object.o
 .bss.rt_object_detach_hook
                0x20000f50        0x4 build\kernel\src\object.o
 .bss.rt_scheduler_lock_nest
                0x20000f54        0x2 build\kernel\src\scheduler.o
 *fill*         0x20000f56        0x2 
 .bss.rt_scheduler_hook
                0x20000f58        0x4 build\kernel\src\scheduler.o
 .bss.rt_thread_suspend_hook
                0x20000f5c        0x4 build\kernel\src\thread.o
 .bss.rt_thread_resume_hook
                0x20000f60        0x4 build\kernel\src\thread.o
 .bss.rt_thread_inited_hook
                0x20000f64        0x4 build\kernel\src\thread.o
 .bss.rt_timer_list
                0x20000f68        0x8 build\kernel\src\timer.o
 .bss.rt_timer_exit_hook
                0x20000f70        0x4 build\kernel\src\timer.o
 .bss.rt_timer_enter_hook
                0x20000f74        0x4 build\kernel\src\timer.o
 .bss.random_nr.5781
                0x20000f78        0x4 build\kernel\src\timer.o
 .bss.rt_exception_hook
                0x20000f7c        0x4 build\kernel\libcpu\arm\cortex-m7\cpuport.o
 .bss._hw_pin   0x20000f80       0x44 build\kernel\components\drivers\misc\pin.o
 .bss.already_output.6157
                0x20000fc4        0x4 build\kernel\components\drivers\serial\serial.o
 .bss._sysvar_table_begin
                0x20000fc8        0x4 build\kernel\components\finsh\shell.o
                0x20000fc8                _sysvar_table_begin
 .bss.finsh_prompt_custom
                0x20000fcc        0x4 build\kernel\components\finsh\shell.o
 .bss._syscall_table_begin
                0x20000fd0        0x4 build\kernel\components\finsh\shell.o
                0x20000fd0                _syscall_table_begin
 .bss.finsh_prompt.7263
                0x20000fd4       0x81 build\kernel\components\finsh\shell.o
 *fill*         0x20001055        0x3 
 .bss._sysvar_table_end
                0x20001058        0x4 build\kernel\components\finsh\shell.o
                0x20001058                _sysvar_table_end
 .bss._syscall_table_end
                0x2000105c        0x4 build\kernel\components\finsh\shell.o
                0x2000105c                _syscall_table_end
 .bss.s_lpuartHandle
                0x20001060       0x24 libraries\MIMXRT1050\MIMXRT1052\drivers\fsl_lpuart.o
 .bss.s_lpuartIsr
                0x20001084        0x4 libraries\MIMXRT1050\MIMXRT1052\drivers\fsl_lpuart.o
 *(COMMON)
 COMMON         0x20001088        0x4 build\kernel\src\kservice.o
                0x20001088                rt_assert_hook
 COMMON         0x2000108c        0xc build\kernel\src\object.o
                0x2000108c                rt_object_put_hook
                0x20001090                rt_object_take_hook
                0x20001094                rt_object_trytake_hook
 COMMON         0x20001098      0x114 build\kernel\src\scheduler.o
                0x20001098                rt_thread_priority_table
                0x20001198                rt_current_priority
                0x2000119c                rt_current_thread
                0x200011a0                rt_thread_ready_priority_group
                0x200011a4                rt_thread_defunct